Archive member included to satisfy reference by file (symbol)

c:/st/stm32cubeide_1.6.0/stm32cubeide/plugins/com.st.stm32cube.ide.mcu.externaltools.gnu-tools-for-stm32.9-2020-q2-update.win32_1.5.0.202011040924/tools/bin/../lib/gcc/arm-none-eabi/9.3.1/../../../../arm-none-eabi/lib/thumb/v7e-m+fp/hard\libc_nano.a(lib_a-errno.o)
                              Core/Src/syscalls.o (__errno)
c:/st/stm32cubeide_1.6.0/stm32cubeide/plugins/com.st.stm32cube.ide.mcu.externaltools.gnu-tools-for-stm32.9-2020-q2-update.win32_1.5.0.202011040924/tools/bin/../lib/gcc/arm-none-eabi/9.3.1/../../../../arm-none-eabi/lib/thumb/v7e-m+fp/hard\libc_nano.a(lib_a-exit.o)
                              c:/st/stm32cubeide_1.6.0/stm32cubeide/plugins/com.st.stm32cube.ide.mcu.externaltools.gnu-tools-for-stm32.9-2020-q2-update.win32_1.5.0.202011040924/tools/bin/../lib/gcc/arm-none-eabi/9.3.1/../../../../arm-none-eabi/lib/thumb/v7e-m+fp/hard/crt0.o (exit)
c:/st/stm32cubeide_1.6.0/stm32cubeide/plugins/com.st.stm32cube.ide.mcu.externaltools.gnu-tools-for-stm32.9-2020-q2-update.win32_1.5.0.202011040924/tools/bin/../lib/gcc/arm-none-eabi/9.3.1/../../../../arm-none-eabi/lib/thumb/v7e-m+fp/hard\libc_nano.a(lib_a-impure.o)
                              c:/st/stm32cubeide_1.6.0/stm32cubeide/plugins/com.st.stm32cube.ide.mcu.externaltools.gnu-tools-for-stm32.9-2020-q2-update.win32_1.5.0.202011040924/tools/bin/../lib/gcc/arm-none-eabi/9.3.1/../../../../arm-none-eabi/lib/thumb/v7e-m+fp/hard\libc_nano.a(lib_a-exit.o) (_global_impure_ptr)
c:/st/stm32cubeide_1.6.0/stm32cubeide/plugins/com.st.stm32cube.ide.mcu.externaltools.gnu-tools-for-stm32.9-2020-q2-update.win32_1.5.0.202011040924/tools/bin/../lib/gcc/arm-none-eabi/9.3.1/../../../../arm-none-eabi/lib/thumb/v7e-m+fp/hard\libc_nano.a(lib_a-init.o)
                              c:/st/stm32cubeide_1.6.0/stm32cubeide/plugins/com.st.stm32cube.ide.mcu.externaltools.gnu-tools-for-stm32.9-2020-q2-update.win32_1.5.0.202011040924/tools/bin/../lib/gcc/arm-none-eabi/9.3.1/../../../../arm-none-eabi/lib/thumb/v7e-m+fp/hard/crt0.o (__libc_init_array)
c:/st/stm32cubeide_1.6.0/stm32cubeide/plugins/com.st.stm32cube.ide.mcu.externaltools.gnu-tools-for-stm32.9-2020-q2-update.win32_1.5.0.202011040924/tools/bin/../lib/gcc/arm-none-eabi/9.3.1/../../../../arm-none-eabi/lib/thumb/v7e-m+fp/hard\libc_nano.a(lib_a-memcpy-stub.o)
                              Middlewares/Third_Party/FreeRTOS/Source/queue.o (memcpy)
c:/st/stm32cubeide_1.6.0/stm32cubeide/plugins/com.st.stm32cube.ide.mcu.externaltools.gnu-tools-for-stm32.9-2020-q2-update.win32_1.5.0.202011040924/tools/bin/../lib/gcc/arm-none-eabi/9.3.1/../../../../arm-none-eabi/lib/thumb/v7e-m+fp/hard\libc_nano.a(lib_a-memset.o)
                              c:/st/stm32cubeide_1.6.0/stm32cubeide/plugins/com.st.stm32cube.ide.mcu.externaltools.gnu-tools-for-stm32.9-2020-q2-update.win32_1.5.0.202011040924/tools/bin/../lib/gcc/arm-none-eabi/9.3.1/../../../../arm-none-eabi/lib/thumb/v7e-m+fp/hard/crt0.o (memset)
c:/st/stm32cubeide_1.6.0/stm32cubeide/plugins/com.st.stm32cube.ide.mcu.externaltools.gnu-tools-for-stm32.9-2020-q2-update.win32_1.5.0.202011040924/tools/bin/../lib/gcc/arm-none-eabi/9.3.1/thumb/v7e-m+fp/hard\libgcc.a(_aeabi_uldivmod.o)
                              Drivers/STM32L4xx_HAL_Driver/Src/stm32l4xx_hal_uart.o (__aeabi_uldivmod)
c:/st/stm32cubeide_1.6.0/stm32cubeide/plugins/com.st.stm32cube.ide.mcu.externaltools.gnu-tools-for-stm32.9-2020-q2-update.win32_1.5.0.202011040924/tools/bin/../lib/gcc/arm-none-eabi/9.3.1/thumb/v7e-m+fp/hard\libgcc.a(_udivmoddi4.o)
                              c:/st/stm32cubeide_1.6.0/stm32cubeide/plugins/com.st.stm32cube.ide.mcu.externaltools.gnu-tools-for-stm32.9-2020-q2-update.win32_1.5.0.202011040924/tools/bin/../lib/gcc/arm-none-eabi/9.3.1/thumb/v7e-m+fp/hard\libgcc.a(_aeabi_uldivmod.o) (__udivmoddi4)
c:/st/stm32cubeide_1.6.0/stm32cubeide/plugins/com.st.stm32cube.ide.mcu.externaltools.gnu-tools-for-stm32.9-2020-q2-update.win32_1.5.0.202011040924/tools/bin/../lib/gcc/arm-none-eabi/9.3.1/thumb/v7e-m+fp/hard\libgcc.a(_dvmd_tls.o)
                              c:/st/stm32cubeide_1.6.0/stm32cubeide/plugins/com.st.stm32cube.ide.mcu.externaltools.gnu-tools-for-stm32.9-2020-q2-update.win32_1.5.0.202011040924/tools/bin/../lib/gcc/arm-none-eabi/9.3.1/thumb/v7e-m+fp/hard\libgcc.a(_aeabi_uldivmod.o) (__aeabi_ldiv0)

Allocating common symbols
Common symbol       size              file

hdfsdm1_channel1    0x38              Core/Src/main.o
defaultTaskHandle   0x4               Core/Src/main.o
huart3              0x84              Core/Src/main.o
hpcd_USB_OTG_FS     0x408             Core/Src/main.o
hi2c2               0x4c              Core/Src/main.o
htim17              0x4c              Core/Src/stm32l4xx_hal_timebase_tim.o
uwTick              0x4               Drivers/STM32L4xx_HAL_Driver/Src/stm32l4xx_hal.o
xQueueRegistry      0x40              Middlewares/Third_Party/FreeRTOS/Source/queue.o
[...]
Memory Configuration

Name             Origin             Length             Attributes
RAM              0x0000000020000000 0x0000000000018000 xrw
RAM2             0x0000000010000000 0x0000000000008000 xrw
FLASH            0x0000000008000000 0x0000000000100000 xr
*default*        0x0000000000000000 0xffffffffffffffff

Linker script and memory map

LOAD c:/st/stm32cubeide_1.6.0/stm32cubeide/plugins/com.st.stm32cube.ide.mcu.externaltools.gnu-tools-for-stm32.9-2020-q2-update.win32_1.5.0.202011040924/tools/bin/../lib/gcc/arm-none-eabi/9.3.1/thumb/v7e-m+fp/hard/crti.o
LOAD c:/st/stm32cubeide_1.6.0/stm32cubeide/plugins/com.st.stm32cube.ide.mcu.externaltools.gnu-tools-for-stm32.9-2020-q2-update.win32_1.5.0.202011040924/tools/bin/../lib/gcc/arm-none-eabi/9.3.1/thumb/v7e-m+fp/hard/crtbegin.o
LOAD c:/st/stm32cubeide_1.6.0/stm32cubeide/plugins/com.st.stm32cube.ide.mcu.externaltools.gnu-tools-for-stm32.9-2020-q2-update.win32_1.5.0.202011040924/tools/bin/../lib/gcc/arm-none-eabi/9.3.1/../../../../arm-none-eabi/lib/thumb/v7e-m+fp/hard/crt0.o
LOAD Core/Src/freertos.o
LOAD Core/Src/main.o
LOAD Core/Src/stm32l4xx_hal_msp.o
LOAD Core/Src/stm32l4xx_hal_timebase_tim.o
LOAD Core/Src/stm32l4xx_it.o
LOAD Core/Src/syscalls.o
LOAD Core/Src/sysmem.o
LOAD Core/Src/system_stm32l4xx.o
LOAD Core/Startup/startup_stm32l475vgtx.o
LOAD Drivers/STM32L4xx_HAL_Driver/Src/stm32l4xx_hal.o
LOAD Drivers/STM32L4xx_HAL_Driver/Src/stm32l4xx_hal_cortex.o
LOAD Drivers/STM32L4xx_HAL_Driver/Src/stm32l4xx_hal_dfsdm.o
LOAD Drivers/STM32L4xx_HAL_Driver/Src/stm32l4xx_hal_dma.o
LOAD Drivers/STM32L4xx_HAL_Driver/Src/stm32l4xx_hal_dma_ex.o
LOAD Drivers/STM32L4xx_HAL_Driver/Src/stm32l4xx_hal_exti.o
LOAD Drivers/STM32L4xx_HAL_Driver/Src/stm32l4xx_hal_flash.o
LOAD Drivers/STM32L4xx_HAL_Driver/Src/stm32l4xx_hal_flash_ex.o
LOAD Drivers/STM32L4xx_HAL_Driver/Src/stm32l4xx_hal_flash_ramfunc.o
LOAD Drivers/STM32L4xx_HAL_Driver/Src/stm32l4xx_hal_gpio.o
LOAD Drivers/STM32L4xx_HAL_Driver/Src/stm32l4xx_hal_i2c.o
LOAD Drivers/STM32L4xx_HAL_Driver/Src/stm32l4xx_hal_i2c_ex.o
LOAD Drivers/STM32L4xx_HAL_Driver/Src/stm32l4xx_hal_pcd.o
LOAD Drivers/STM32L4xx_HAL_Driver/Src/stm32l4xx_hal_pcd_ex.o
LOAD Drivers/STM32L4xx_HAL_Driver/Src/stm32l4xx_hal_pwr.o
LOAD Drivers/STM32L4xx_HAL_Driver/Src/stm32l4xx_hal_pwr_ex.o
LOAD Drivers/STM32L4xx_HAL_Driver/Src/stm32l4xx_hal_qspi.o
LOAD Drivers/STM32L4xx_HAL_Driver/Src/stm32l4xx_hal_rcc.o
LOAD Drivers/STM32L4xx_HAL_Driver/Src/stm32l4xx_hal_rcc_ex.o
LOAD Drivers/STM32L4xx_HAL_Driver/Src/stm32l4xx_hal_spi.o
LOAD Drivers/STM32L4xx_HAL_Driver/Src/stm32l4xx_hal_spi_ex.o
LOAD Drivers/STM32L4xx_HAL_Driver/Src/stm32l4xx_hal_tim.o
LOAD Drivers/STM32L4xx_HAL_Driver/Src/stm32l4xx_hal_tim_ex.o
LOAD Drivers/STM32L4xx_HAL_Driver/Src/stm32l4xx_hal_uart.o
LOAD Drivers/STM32L4xx_HAL_Driver/Src/stm32l4xx_hal_uart_ex.o
LOAD Drivers/STM32L4xx_HAL_Driver/Src/stm32l4xx_ll_usb.o
LOAD Middlewares/Third_Party/FreeRTOS/Source/CMSIS_RTOS/cmsis_os.o
LOAD Middlewares/Third_Party/FreeRTOS/Source/croutine.o
LOAD Middlewares/Third_Party/FreeRTOS/Source/event_groups.o
LOAD Middlewares/Third_Party/FreeRTOS/Source/list.o
LOAD Middlewares/Third_Party/FreeRTOS/Source/queue.o
LOAD Middlewares/Third_Party/FreeRTOS/Source/stream_buffer.o
LOAD Middlewares/Third_Party/FreeRTOS/Source/tasks.o
LOAD Middlewares/Third_Party/FreeRTOS/Source/timers.o
LOAD Middlewares/Third_Party/FreeRTOS/Source/portable/GCC/ARM_CM4F/port.o
LOAD Middlewares/Third_Party/FreeRTOS/Source/portable/MemMang/heap_4.o
START GROUP
LOAD c:/st/stm32cubeide_1.6.0/stm32cubeide/plugins/com.st.stm32cube.ide.mcu.externaltools.gnu-tools-for-stm32.9-2020-q2-update.win32_1.5.0.202011040924/tools/bin/../lib/gcc/arm-none-eabi/9.3.1/../../../../arm-none-eabi/lib/thumb/v7e-m+fp/hard\libc_nano.a
LOAD c:/st/stm32cubeide_1.6.0/stm32cubeide/plugins/com.st.stm32cube.ide.mcu.externaltools.gnu-tools-for-stm32.9-2020-q2-update.win32_1.5.0.202011040924/tools/bin/../lib/gcc/arm-none-eabi/9.3.1/../../../../arm-none-eabi/lib/thumb/v7e-m+fp/hard\libm.a
END GROUP
START GROUP
LOAD c:/st/stm32cubeide_1.6.0/stm32cubeide/plugins/com.st.stm32cube.ide.mcu.externaltools.gnu-tools-for-stm32.9-2020-q2-update.win32_1.5.0.202011040924/tools/bin/../lib/gcc/arm-none-eabi/9.3.1/thumb/v7e-m+fp/hard\libgcc.a
LOAD c:/st/stm32cubeide_1.6.0/stm32cubeide/plugins/com.st.stm32cube.ide.mcu.externaltools.gnu-tools-for-stm32.9-2020-q2-update.win32_1.5.0.202011040924/tools/bin/../lib/gcc/arm-none-eabi/9.3.1/../../../../arm-none-eabi/lib/thumb/v7e-m+fp/hard\libc_nano.a
END GROUP
START GROUP
LOAD c:/st/stm32cubeide_1.6.0/stm32cubeide/plugins/com.st.stm32cube.ide.mcu.externaltools.gnu-tools-for-stm32.9-2020-q2-update.win32_1.5.0.202011040924/tools/bin/../lib/gcc/arm-none-eabi/9.3.1/thumb/v7e-m+fp/hard\libgcc.a
LOAD c:/st/stm32cubeide_1.6.0/stm32cubeide/plugins/com.st.stm32cube.ide.mcu.externaltools.gnu-tools-for-stm32.9-2020-q2-update.win32_1.5.0.202011040924/tools/bin/../lib/gcc/arm-none-eabi/9.3.1/../../../../arm-none-eabi/lib/thumb/v7e-m+fp/hard\libc_nano.a
LOAD c:/st/stm32cubeide_1.6.0/stm32cubeide/plugins/com.st.stm32cube.ide.mcu.externaltools.gnu-tools-for-stm32.9-2020-q2-update.win32_1.5.0.202011040924/tools/bin/../lib/gcc/arm-none-eabi/9.3.1/../../../../arm-none-eabi/lib/thumb/v7e-m+fp/hard\libnosys.a
END GROUP
START GROUP
LOAD c:/st/stm32cubeide_1.6.0/stm32cubeide/plugins/com.st.stm32cube.ide.mcu.externaltools.gnu-tools-for-stm32.9-2020-q2-update.win32_1.5.0.202011040924/tools/bin/../lib/gcc/arm-none-eabi/9.3.1/thumb/v7e-m+fp/hard\libgcc.a
LOAD c:/st/stm32cubeide_1.6.0/stm32cubeide/plugins/com.st.stm32cube.ide.mcu.externaltools.gnu-tools-for-stm32.9-2020-q2-update.win32_1.5.0.202011040924/tools/bin/../lib/gcc/arm-none-eabi/9.3.1/../../../../arm-none-eabi/lib/thumb/v7e-m+fp/hard\libc_nano.a
LOAD c:/st/stm32cubeide_1.6.0/stm32cubeide/plugins/com.st.stm32cube.ide.mcu.externaltools.gnu-tools-for-stm32.9-2020-q2-update.win32_1.5.0.202011040924/tools/bin/../lib/gcc/arm-none-eabi/9.3.1/../../../../arm-none-eabi/lib/thumb/v7e-m+fp/hard\libnosys.a
END GROUP
LOAD c:/st/stm32cubeide_1.6.0/stm32cubeide/plugins/com.st.stm32cube.ide.mcu.externaltools.gnu-tools-for-stm32.9-2020-q2-update.win32_1.5.0.202011040924/tools/bin/../lib/gcc/arm-none-eabi/9.3.1/thumb/v7e-m+fp/hard/crtend.o
LOAD c:/st/stm32cubeide_1.6.0/stm32cubeide/plugins/com.st.stm32cube.ide.mcu.externaltools.gnu-tools-for-stm32.9-2020-q2-update.win32_1.5.0.202011040924/tools/bin/../lib/gcc/arm-none-eabi/9.3.1/thumb/v7e-m+fp/hard/crtn.o
                0x0000000020018000                _estack = (ORIGIN (RAM) + LENGTH (RAM))
                0x0000000000000200                _Min_Heap_Size = 0x200
                0x0000000000000400                _Min_Stack_Size = 0x400

.isr_vector     0x0000000008000000      0x188
                0x0000000008000000                . = ALIGN (0x4)
 *(.isr_vector)
 .isr_vector    0x0000000008000000      0x188 Core/Startup/startup_stm32l475vgtx.o
                0x0000000008000000                g_pfnVectors
                0x0000000008000188                . = ALIGN (0x4)

.text           0x0000000008000190     0x610c
                0x0000000008000190                . = ALIGN (0x4)
 *(.text)
 .text          0x0000000008000190       0x40 c:/st/stm32cubeide_1.6.0/stm32cubeide/plugins/com.st.stm32cube.ide.mcu.externaltools.gnu-tools-for-stm32.9-2020-q2-update.win32_1.5.0.202011040924/tools/bin/../lib/gcc/arm-none-eabi/9.3.1/thumb/v7e-m+fp/hard/crtbegin.o
 .text          0x00000000080001d0       0x30 c:/st/stm32cubeide_1.6.0/stm32cubeide/plugins/com.st.stm32cube.ide.mcu.externaltools.gnu-tools-for-stm32.9-2020-q2-update.win32_1.5.0.202011040924/tools/bin/../lib/gcc/arm-none-eabi/9.3.1/thumb/v7e-m+fp/hard\libgcc.a(_aeabi_uldivmod.o)
                0x00000000080001d0                __aeabi_uldivmod
 .text          0x0000000008000200      0x2c4 c:/st/stm32cubeide_1.6.0/stm32cubeide/plugins/com.st.stm32cube.ide.mcu.externaltools.gnu-tools-for-stm32.9-2020-q2-update.win32_1.5.0.202011040924/tools/bin/../lib/gcc/arm-none-eabi/9.3.1/thumb/v7e-m+fp/hard\libgcc.a(_udivmoddi4.o)
                0x0000000008000200                __udivmoddi4
 .text          0x00000000080004c4        0x4 c:/st/stm32cubeide_1.6.0/stm32cubeide/plugins/com.st.stm32cube.ide.mcu.externaltools.gnu-tools-for-stm32.9-2020-q2-update.win32_1.5.0.202011040924/tools/bin/../lib/gcc/arm-none-eabi/9.3.1/thumb/v7e-m+fp/hard\libgcc.a(_dvmd_tls.o)
                0x00000000080004c4                __aeabi_idiv0
                0x00000000080004c4                __aeabi_ldiv0
 *(.text*)
 .text.vApplicationGetIdleTaskMemory
                0x00000000080004c8       0x34 Core/Src/freertos.o
                0x00000000080004c8                vApplicationGetIdleTaskMemory
 .text.main     0x00000000080004fc       0x8c Core/Src/main.o
                0x00000000080004fc                main
 .text.SystemClock_Config
                0x0000000008000588      0x148 Core/Src/main.o
                0x0000000008000588                SystemClock_Config
 .text.MX_DFSDM1_Init
                0x00000000080006d0       0x70 Core/Src/main.o
 .text.MX_I2C2_Init
                0x0000000008000740       0x7c Core/Src/main.o
 .text.MX_QUADSPI_Init
                0x00000000080007bc       0x4c Core/Src/main.o
 .text.MX_SPI3_Init
                0x0000000008000808       0x7c Core/Src/main.o
 .text.MX_USART1_UART_Init
                0x0000000008000884       0x60 Core/Src/main.o
 .text.MX_USART3_UART_Init
                0x00000000080008e4       0x60 Core/Src/main.o
 .text.MX_USB_OTG_FS_PCD_Init
                0x0000000008000944       0x5c Core/Src/main.o
 .text.MX_GPIO_Init
                0x00000000080009a0      0x360 Core/Src/main.o
 .text.StartDefaultTask
                0x0000000008000d00       0x10 Core/Src/main.o
                0x0000000008000d00                StartDefaultTask
 .text.StartTask02
                0x0000000008000d10       0x20 Core/Src/main.o
                0x0000000008000d10                StartTask02
 .text.HAL_TIM_PeriodElapsedCallback
                0x0000000008000d30       0x24 Core/Src/main.o
                0x0000000008000d30                HAL_TIM_PeriodElapsedCallback
 .text.Error_Handler
                0x0000000008000d54        0xa Core/Src/main.o
                0x0000000008000d54                Error_Handler
 *fill*         0x0000000008000d5e        0x2 
 .text.HAL_MspInit
                0x0000000008000d60       0x50 Core/Src/stm32l4xx_hal_msp.o
                0x0000000008000d60                HAL_MspInit
 .text.HAL_DFSDM_ChannelMspInit
                0x0000000008000db0       0x90 Core/Src/stm32l4xx_hal_msp.o
                0x0000000008000db0                HAL_DFSDM_ChannelMspInit
 .text.HAL_I2C_MspInit
                0x0000000008000e40       0x88 Core/Src/stm32l4xx_hal_msp.o
                0x0000000008000e40                HAL_I2C_MspInit
 .text.HAL_QSPI_MspInit
                0x0000000008000ec8       0x88 Core/Src/stm32l4xx_hal_msp.o
                0x0000000008000ec8                HAL_QSPI_MspInit
 .text.HAL_SPI_MspInit
                0x0000000008000f50       0x88 Core/Src/stm32l4xx_hal_msp.o
                0x0000000008000f50                HAL_SPI_MspInit
 .text.HAL_UART_MspInit
                0x0000000008000fd8       0xec Core/Src/stm32l4xx_hal_msp.o
                0x0000000008000fd8                HAL_UART_MspInit
 .text.HAL_PCD_MspInit
                0x00000000080010c4       0xd8 Core/Src/stm32l4xx_hal_msp.o
                0x00000000080010c4                HAL_PCD_MspInit
 .text.HAL_InitTick
                0x000000000800119c       0xac Core/Src/stm32l4xx_hal_timebase_tim.o
                0x000000000800119c                HAL_InitTick
 .text.NMI_Handler
                0x0000000008001248        0x6 Core/Src/stm32l4xx_it.o
                0x0000000008001248                NMI_Handler
 .text.HardFault_Handler
                0x000000000800124e        0x6 Core/Src/stm32l4xx_it.o
                0x000000000800124e                HardFault_Handler
 .text.MemManage_Handler
                0x0000000008001254        0x6 Core/Src/stm32l4xx_it.o
                0x0000000008001254                MemManage_Handler
 .text.BusFault_Handler
                0x000000000800125a        0x6 Core/Src/stm32l4xx_it.o
                0x000000000800125a                BusFault_Handler
 .text.UsageFault_Handler
                0x0000000008001260        0x6 Core/Src/stm32l4xx_it.o
                0x0000000008001260                UsageFault_Handler
 .text.DebugMon_Handler
                0x0000000008001266        0xe Core/Src/stm32l4xx_it.o
                0x0000000008001266                DebugMon_Handler
 .text.EXTI9_5_IRQHandler
                0x0000000008001274       0x22 Core/Src/stm32l4xx_it.o
                0x0000000008001274                EXTI9_5_IRQHandler
 *fill*         0x0000000008001296        0x2 
 .text.TIM1_TRG_COM_TIM17_IRQHandler
                0x0000000008001298       0x14 Core/Src/stm32l4xx_it.o
                0x0000000008001298                TIM1_TRG_COM_TIM17_IRQHandler
 .text.EXTI15_10_IRQHandler
                0x00000000080012ac       0x30 Core/Src/stm32l4xx_it.o
                0x00000000080012ac                EXTI15_10_IRQHandler
 .text.SystemInit
                0x00000000080012dc       0x64 Core/Src/system_stm32l4xx.o
                0x00000000080012dc                SystemInit
 .text.Reset_Handler
                0x0000000008001340       0x50 Core/Startup/startup_stm32l475vgtx.o
                0x0000000008001340                Reset_Handler
 .text.Default_Handler
                0x0000000008001390        0x2 Core/Startup/startup_stm32l475vgtx.o
                0x0000000008001390                RTC_Alarm_IRQHandler
                0x0000000008001390                EXTI2_IRQHandler
                0x0000000008001390                TIM8_TRG_COM_IRQHandler
                0x0000000008001390                TIM8_CC_IRQHandler
                0x0000000008001390                TIM1_CC_IRQHandler
                0x0000000008001390                TSC_IRQHandler
                0x0000000008001390                TAMP_STAMP_IRQHandler
                0x0000000008001390                EXTI3_IRQHandler
                0x0000000008001390                LPTIM2_IRQHandler
                0x0000000008001390                DFSDM1_FLT1_IRQHandler
                0x0000000008001390                I2C3_ER_IRQHandler
                0x0000000008001390                DFSDM1_FLT2_IRQHandler
                0x0000000008001390                EXTI0_IRQHandler
                0x0000000008001390                I2C2_EV_IRQHandler
                0x0000000008001390                CAN1_RX0_IRQHandler
                0x0000000008001390                FPU_IRQHandler
                0x0000000008001390                TIM1_UP_TIM16_IRQHandler
                0x0000000008001390                ADC1_2_IRQHandler
                0x0000000008001390                SPI1_IRQHandler
                0x0000000008001390                TIM6_DAC_IRQHandler
                0x0000000008001390                TIM8_UP_IRQHandler
                0x0000000008001390                DMA2_Channel2_IRQHandler
                0x0000000008001390                DMA1_Channel4_IRQHandler
                0x0000000008001390                SAI2_IRQHandler
                0x0000000008001390                DFSDM1_FLT3_IRQHandler
                0x0000000008001390                USART3_IRQHandler
                0x0000000008001390                DMA1_Channel7_IRQHandler
                0x0000000008001390                CAN1_RX1_IRQHandler
                0x0000000008001390                UART5_IRQHandler
                0x0000000008001390                ADC3_IRQHandler
                0x0000000008001390                TIM4_IRQHandler
                0x0000000008001390                DMA2_Channel1_IRQHandler
                0x0000000008001390                QUADSPI_IRQHandler
                0x0000000008001390                I2C1_EV_IRQHandler
                0x0000000008001390                DMA1_Channel6_IRQHandler
                0x0000000008001390                UART4_IRQHandler
                0x0000000008001390                DMA2_Channel4_IRQHandler
                0x0000000008001390                TIM3_IRQHandler
                0x0000000008001390                RCC_IRQHandler
                0x0000000008001390                DMA1_Channel1_IRQHandler
                0x0000000008001390                Default_Handler
                0x0000000008001390                DMA2_Channel7_IRQHandler
                0x0000000008001390                TIM7_IRQHandler
                0x0000000008001390                SDMMC1_IRQHandler
                0x0000000008001390                TIM5_IRQHandler
                0x0000000008001390                I2C3_EV_IRQHandler
                0x0000000008001390                RTC_WKUP_IRQHandler
                0x0000000008001390                PVD_PVM_IRQHandler
                0x0000000008001390                SPI2_IRQHandler
                0x0000000008001390                CAN1_TX_IRQHandler
                0x0000000008001390                DMA2_Channel5_IRQHandler
                0x0000000008001390                DMA1_Channel5_IRQHandler
                0x0000000008001390                EXTI4_IRQHandler
                0x0000000008001390                RNG_IRQHandler
                0x0000000008001390                DMA1_Channel3_IRQHandler
                0x0000000008001390                COMP_IRQHandler
                0x0000000008001390                WWDG_IRQHandler
                0x0000000008001390                LPUART1_IRQHandler
                0x0000000008001390                DMA2_Channel6_IRQHandler
                0x0000000008001390                TIM2_IRQHandler
                0x0000000008001390                EXTI1_IRQHandler
                0x0000000008001390                USART2_IRQHandler
                0x0000000008001390                DFSDM1_FLT0_IRQHandler
                0x0000000008001390                I2C2_ER_IRQHandler
                0x0000000008001390                DMA1_Channel2_IRQHandler
                0x0000000008001390                TIM8_BRK_IRQHandler
                0x0000000008001390                CAN1_SCE_IRQHandler
                0x0000000008001390                FLASH_IRQHandler
                0x0000000008001390                USART1_IRQHandler
                0x0000000008001390                OTG_FS_IRQHandler
                0x0000000008001390                SPI3_IRQHandler
                0x0000000008001390                I2C1_ER_IRQHandler
                0x0000000008001390                FMC_IRQHandler
                0x0000000008001390                SWPMI1_IRQHandler
                0x0000000008001390                LPTIM1_IRQHandler
                0x0000000008001390                SAI1_IRQHandler
                0x0000000008001390                DMA2_Channel3_IRQHandler
                0x0000000008001390                TIM1_BRK_TIM15_IRQHandler
 .text.HAL_Init
                0x0000000008001392       0x30 Drivers/STM32L4xx_HAL_Driver/Src/stm32l4xx_hal.o
                0x0000000008001392                HAL_Init
 *fill*         0x00000000080013c2        0x2 
 .text.HAL_IncTick
                0x00000000080013c4       0x28 Drivers/STM32L4xx_HAL_Driver/Src/stm32l4xx_hal.o
                0x00000000080013c4                HAL_IncTick
 .text.HAL_GetTick
                0x00000000080013ec       0x18 Drivers/STM32L4xx_HAL_Driver/Src/stm32l4xx_hal.o
                0x00000000080013ec                HAL_GetTick
 .text.HAL_Delay
                0x0000000008001404       0x48 Drivers/STM32L4xx_HAL_Driver/Src/stm32l4xx_hal.o
                0x0000000008001404                HAL_Delay
 .text.__NVIC_SetPriorityGrouping
                0x000000000800144c       0x48 Drivers/STM32L4xx_HAL_Driver/Src/stm32l4xx_hal_cortex.o
 .text.__NVIC_GetPriorityGrouping
                0x0000000008001494       0x1c Drivers/STM32L4xx_HAL_Driver/Src/stm32l4xx_hal_cortex.o
 .text.__NVIC_EnableIRQ
                0x00000000080014b0       0x3c Drivers/STM32L4xx_HAL_Driver/Src/stm32l4xx_hal_cortex.o
 .text.__NVIC_SetPriority
                0x00000000080014ec       0x54 Drivers/STM32L4xx_HAL_Driver/Src/stm32l4xx_hal_cortex.o
 .text.NVIC_EncodePriority
                0x0000000008001540       0x66 Drivers/STM32L4xx_HAL_Driver/Src/stm32l4xx_hal_cortex.o
 .text.HAL_NVIC_SetPriorityGrouping
                0x00000000080015a6       0x16 Drivers/STM32L4xx_HAL_Driver/Src/stm32l4xx_hal_cortex.o
                0x00000000080015a6                HAL_NVIC_SetPriorityGrouping
 .text.HAL_NVIC_SetPriority
                0x00000000080015bc       0x38 Drivers/STM32L4xx_HAL_Driver/Src/stm32l4xx_hal_cortex.o
                0x00000000080015bc                HAL_NVIC_SetPriority
 .text.HAL_NVIC_EnableIRQ
                0x00000000080015f4       0x1c Drivers/STM32L4xx_HAL_Driver/Src/stm32l4xx_hal_cortex.o
                0x00000000080015f4                HAL_NVIC_EnableIRQ
 .text.HAL_DFSDM_ChannelInit
                0x0000000008001610      0x180 Drivers/STM32L4xx_HAL_Driver/Src/stm32l4xx_hal_dfsdm.o
                0x0000000008001610                HAL_DFSDM_ChannelInit
 .text.DFSDM_GetChannelFromInstance
                0x0000000008001790       0x98 Drivers/STM32L4xx_HAL_Driver/Src/stm32l4xx_hal_dfsdm.o
 .text.HAL_GPIO_Init
                0x0000000008001828      0x354 Drivers/STM32L4xx_HAL_Driver/Src/stm32l4xx_hal_gpio.o
                0x0000000008001828                HAL_GPIO_Init
 .text.HAL_GPIO_WritePin
                0x0000000008001b7c       0x30 Drivers/STM32L4xx_HAL_Driver/Src/stm32l4xx_hal_gpio.o
                0x0000000008001b7c                HAL_GPIO_WritePin
 .text.HAL_GPIO_TogglePin
                0x0000000008001bac       0x34 Drivers/STM32L4xx_HAL_Driver/Src/stm32l4xx_hal_gpio.o
                0x0000000008001bac                HAL_GPIO_TogglePin
 .text.HAL_GPIO_EXTI_IRQHandler
                0x0000000008001be0       0x30 Drivers/STM32L4xx_HAL_Driver/Src/stm32l4xx_hal_gpio.o
                0x0000000008001be0                HAL_GPIO_EXTI_IRQHandler
 .text.HAL_GPIO_EXTI_Callback
                0x0000000008001c10       0x16 Drivers/STM32L4xx_HAL_Driver/Src/stm32l4xx_hal_gpio.o
                0x0000000008001c10                HAL_GPIO_EXTI_Callback
 .text.HAL_I2C_Init
                0x0000000008001c26      0x11e Drivers/STM32L4xx_HAL_Driver/Src/stm32l4xx_hal_i2c.o
                0x0000000008001c26                HAL_I2C_Init
 .text.HAL_I2CEx_ConfigAnalogFilter
                0x0000000008001d44       0x96 Drivers/STM32L4xx_HAL_Driver/Src/stm32l4xx_hal_i2c_ex.o
                0x0000000008001d44                HAL_I2CEx_ConfigAnalogFilter
 .text.HAL_I2CEx_ConfigDigitalFilter
                0x0000000008001dda       0x98 Drivers/STM32L4xx_HAL_Driver/Src/stm32l4xx_hal_i2c_ex.o
                0x0000000008001dda                HAL_I2CEx_ConfigDigitalFilter
 .text.HAL_PCD_Init
                0x0000000008001e72      0x248 Drivers/STM32L4xx_HAL_Driver/Src/stm32l4xx_hal_pcd.o
                0x0000000008001e72                HAL_PCD_Init
 .text.HAL_PCDEx_ActivateLPM
                0x00000000080020ba       0x48 Drivers/STM32L4xx_HAL_Driver/Src/stm32l4xx_hal_pcd_ex.o
                0x00000000080020ba                HAL_PCDEx_ActivateLPM
 *fill*         0x0000000008002102        0x2 
 .text.HAL_PWR_EnableBkUpAccess
                0x0000000008002104       0x20 Drivers/STM32L4xx_HAL_Driver/Src/stm32l4xx_hal_pwr.o
                0x0000000008002104                HAL_PWR_EnableBkUpAccess
 .text.HAL_PWREx_GetVoltageRange
                0x0000000008002124       0x1c Drivers/STM32L4xx_HAL_Driver/Src/stm32l4xx_hal_pwr_ex.o
                0x0000000008002124                HAL_PWREx_GetVoltageRange
 .text.HAL_PWREx_ControlVoltageScaling
                0x0000000008002140       0xac Drivers/STM32L4xx_HAL_Driver/Src/stm32l4xx_hal_pwr_ex.o
                0x0000000008002140                HAL_PWREx_ControlVoltageScaling
 .text.HAL_PWREx_EnableVddUSB
                0x00000000080021ec       0x20 Drivers/STM32L4xx_HAL_Driver/Src/stm32l4xx_hal_pwr_ex.o
                0x00000000080021ec                HAL_PWREx_EnableVddUSB
 .text.HAL_QSPI_Init
                0x000000000800220c       0xec Drivers/STM32L4xx_HAL_Driver/Src/stm32l4xx_hal_qspi.o
                0x000000000800220c                HAL_QSPI_Init
 .text.HAL_QSPI_SetTimeout
                0x00000000080022f8       0x1c Drivers/STM32L4xx_HAL_Driver/Src/stm32l4xx_hal_qspi.o
                0x00000000080022f8                HAL_QSPI_SetTimeout
 .text.QSPI_WaitFlagStateUntilTimeout
                0x0000000008002314       0x6e Drivers/STM32L4xx_HAL_Driver/Src/stm32l4xx_hal_qspi.o
 *fill*         0x0000000008002382        0x2 
 .text.HAL_RCC_OscConfig
                0x0000000008002384      0x7cc Drivers/STM32L4xx_HAL_Driver/Src/stm32l4xx_hal_rcc.o
                0x0000000008002384                HAL_RCC_OscConfig
 .text.HAL_RCC_ClockConfig
                0x0000000008002b50      0x1c4 Drivers/STM32L4xx_HAL_Driver/Src/stm32l4xx_hal_rcc.o
                0x0000000008002b50                HAL_RCC_ClockConfig
 .text.HAL_RCC_GetSysClockFreq
                0x0000000008002d14      0x118 Drivers/STM32L4xx_HAL_Driver/Src/stm32l4xx_hal_rcc.o
                0x0000000008002d14                HAL_RCC_GetSysClockFreq
 .text.HAL_RCC_GetHCLKFreq
                0x0000000008002e2c       0x18 Drivers/STM32L4xx_HAL_Driver/Src/stm32l4xx_hal_rcc.o
                0x0000000008002e2c                HAL_RCC_GetHCLKFreq
 .text.HAL_RCC_GetPCLK1Freq
                0x0000000008002e44       0x2c Drivers/STM32L4xx_HAL_Driver/Src/stm32l4xx_hal_rcc.o
                0x0000000008002e44                HAL_RCC_GetPCLK1Freq
 .text.HAL_RCC_GetPCLK2Freq
                0x0000000008002e70       0x2c Drivers/STM32L4xx_HAL_Driver/Src/stm32l4xx_hal_rcc.o
                0x0000000008002e70                HAL_RCC_GetPCLK2Freq
 .text.HAL_RCC_GetClockConfig
                0x0000000008002e9c       0x64 Drivers/STM32L4xx_HAL_Driver/Src/stm32l4xx_hal_rcc.o
                0x0000000008002e9c                HAL_RCC_GetClockConfig
 .text.RCC_SetFlashLatencyFromMSIRange
                0x0000000008002f00       0xc0 Drivers/STM32L4xx_HAL_Driver/Src/stm32l4xx_hal_rcc.o
 .text.HAL_RCCEx_PeriphCLKConfig
                0x0000000008002fc0      0x5d4 Drivers/STM32L4xx_HAL_Driver/Src/stm32l4xx_hal_rcc_ex.o
                0x0000000008002fc0                HAL_RCCEx_PeriphCLKConfig
 .text.HAL_RCCEx_EnableMSIPLLMode
                0x0000000008003594       0x20 Drivers/STM32L4xx_HAL_Driver/Src/stm32l4xx_hal_rcc_ex.o
                0x0000000008003594                HAL_RCCEx_EnableMSIPLLMode
 .text.RCCEx_PLLSAI1_Config
                0x00000000080035b4      0x1e8 Drivers/STM32L4xx_HAL_Driver/Src/stm32l4xx_hal_rcc_ex.o
 .text.RCCEx_PLLSAI2_Config
                0x000000000800379c      0x1bc Drivers/STM32L4xx_HAL_Driver/Src/stm32l4xx_hal_rcc_ex.o
 .text.HAL_SPI_Init
                0x0000000008003958      0x146 Drivers/STM32L4xx_HAL_Driver/Src/stm32l4xx_hal_spi.o
                0x0000000008003958                HAL_SPI_Init
 .text.HAL_TIM_Base_Init
                0x0000000008003a9e       0xae Drivers/STM32L4xx_HAL_Driver/Src/stm32l4xx_hal_tim.o
                0x0000000008003a9e                HAL_TIM_Base_Init
 .text.HAL_TIM_Base_MspInit
                0x0000000008003b4c       0x14 Drivers/STM32L4xx_HAL_Driver/Src/stm32l4xx_hal_tim.o
                0x0000000008003b4c                HAL_TIM_Base_MspInit
 .text.HAL_TIM_Base_Start_IT
                0x0000000008003b60       0xe0 Drivers/STM32L4xx_HAL_Driver/Src/stm32l4xx_hal_tim.o
                0x0000000008003b60                HAL_TIM_Base_Start_IT
 .text.HAL_TIM_IRQHandler
                0x0000000008003c40      0x23e Drivers/STM32L4xx_HAL_Driver/Src/stm32l4xx_hal_tim.o
                0x0000000008003c40                HAL_TIM_IRQHandler
 .text.HAL_TIM_OC_DelayElapsedCallback
                0x0000000008003e7e       0x14 Drivers/STM32L4xx_HAL_Driver/Src/stm32l4xx_hal_tim.o
                0x0000000008003e7e                HAL_TIM_OC_DelayElapsedCallback
 .text.HAL_TIM_IC_CaptureCallback
                0x0000000008003e92       0x14 Drivers/STM32L4xx_HAL_Driver/Src/stm32l4xx_hal_tim.o
                0x0000000008003e92                HAL_TIM_IC_CaptureCallback
 .text.HAL_TIM_PWM_PulseFinishedCallback
                0x0000000008003ea6       0x14 Drivers/STM32L4xx_HAL_Driver/Src/stm32l4xx_hal_tim.o
                0x0000000008003ea6                HAL_TIM_PWM_PulseFinishedCallback
 .text.HAL_TIM_TriggerCallback
                0x0000000008003eba       0x14 Drivers/STM32L4xx_HAL_Driver/Src/stm32l4xx_hal_tim.o
                0x0000000008003eba                HAL_TIM_TriggerCallback
 *fill*         0x0000000008003ece        0x2 
 .text.TIM_Base_SetConfig
                0x0000000008003ed0      0x134 Drivers/STM32L4xx_HAL_Driver/Src/stm32l4xx_hal_tim.o
                0x0000000008003ed0                TIM_Base_SetConfig
 .text.HAL_TIMEx_CommutCallback
                0x0000000008004004       0x14 Drivers/STM32L4xx_HAL_Driver/Src/stm32l4xx_hal_tim_ex.o
                0x0000000008004004                HAL_TIMEx_CommutCallback
 .text.HAL_TIMEx_BreakCallback
                0x0000000008004018       0x14 Drivers/STM32L4xx_HAL_Driver/Src/stm32l4xx_hal_tim_ex.o
                0x0000000008004018                HAL_TIMEx_BreakCallback
 .text.HAL_TIMEx_Break2Callback
                0x000000000800402c       0x14 Drivers/STM32L4xx_HAL_Driver/Src/stm32l4xx_hal_tim_ex.o
                0x000000000800402c                HAL_TIMEx_Break2Callback
 .text.HAL_UART_Init
                0x0000000008004040       0x9c Drivers/STM32L4xx_HAL_Driver/Src/stm32l4xx_hal_uart.o
                0x0000000008004040                HAL_UART_Init
 .text.UART_SetConfig
                0x00000000080040dc      0x514 Drivers/STM32L4xx_HAL_Driver/Src/stm32l4xx_hal_uart.o
                0x00000000080040dc                UART_SetConfig
 .text.UART_AdvFeatureConfig
                0x00000000080045f0      0x144 Drivers/STM32L4xx_HAL_Driver/Src/stm32l4xx_hal_uart.o
                0x00000000080045f0                UART_AdvFeatureConfig
 .text.UART_CheckIdleState
                0x0000000008004734       0x92 Drivers/STM32L4xx_HAL_Driver/Src/stm32l4xx_hal_uart.o
                0x0000000008004734                UART_CheckIdleState
 .text.UART_WaitOnFlagUntilTimeout
                0x00000000080047c6       0xf8 Drivers/STM32L4xx_HAL_Driver/Src/stm32l4xx_hal_uart.o
                0x00000000080047c6                UART_WaitOnFlagUntilTimeout
 .text.USB_CoreInit
                0x00000000080048be       0x58 Drivers/STM32L4xx_HAL_Driver/Src/stm32l4xx_ll_usb.o
                0x00000000080048be                USB_CoreInit
 .text.USB_DisableGlobalInt
                0x0000000008004916       0x22 Drivers/STM32L4xx_HAL_Driver/Src/stm32l4xx_ll_usb.o
                0x0000000008004916                USB_DisableGlobalInt
 .text.USB_SetCurrentMode
                0x0000000008004938       0x54 Drivers/STM32L4xx_HAL_Driver/Src/stm32l4xx_ll_usb.o
                0x0000000008004938                USB_SetCurrentMode
 .text.USB_DevInit
                0x000000000800498c      0x298 Drivers/STM32L4xx_HAL_Driver/Src/stm32l4xx_ll_usb.o
                0x000000000800498c                USB_DevInit
 .text.USB_FlushTxFifo
                0x0000000008004c24       0x4c Drivers/STM32L4xx_HAL_Driver/Src/stm32l4xx_ll_usb.o
                0x0000000008004c24                USB_FlushTxFifo
 .text.USB_FlushRxFifo
                0x0000000008004c70       0x44 Drivers/STM32L4xx_HAL_Driver/Src/stm32l4xx_ll_usb.o
                0x0000000008004c70                USB_FlushRxFifo
 .text.USB_SetDevSpeed
                0x0000000008004cb4       0x32 Drivers/STM32L4xx_HAL_Driver/Src/stm32l4xx_ll_usb.o
                0x0000000008004cb4                USB_SetDevSpeed
 .text.USB_DevDisconnect
                0x0000000008004ce6       0x42 Drivers/STM32L4xx_HAL_Driver/Src/stm32l4xx_ll_usb.o
                0x0000000008004ce6                USB_DevDisconnect
 .text.USB_CoreReset
                0x0000000008004d28       0x68 Drivers/STM32L4xx_HAL_Driver/Src/stm32l4xx_ll_usb.o
 .text.makeFreeRtosPriority
                0x0000000008004d90       0x30 Middlewares/Third_Party/FreeRTOS/Source/CMSIS_RTOS/cmsis_os.o
 .text.osKernelStart
                0x0000000008004dc0        0xe Middlewares/Third_Party/FreeRTOS/Source/CMSIS_RTOS/cmsis_os.o
                0x0000000008004dc0                osKernelStart
 .text.osThreadCreate
                0x0000000008004dce       0x98 Middlewares/Third_Party/FreeRTOS/Source/CMSIS_RTOS/cmsis_os.o
                0x0000000008004dce                osThreadCreate
 .text.osDelay  0x0000000008004e66       0x28 Middlewares/Third_Party/FreeRTOS/Source/CMSIS_RTOS/cmsis_os.o
                0x0000000008004e66                osDelay
 .text.vListInitialise
                0x0000000008004e8e       0x40 Middlewares/Third_Party/FreeRTOS/Source/list.o
                0x0000000008004e8e                vListInitialise
 .text.vListInitialiseItem
                0x0000000008004ece       0x1a Middlewares/Third_Party/FreeRTOS/Source/list.o
                0x0000000008004ece                vListInitialiseItem
 .text.vListInsertEnd
                0x0000000008004ee8       0x48 Middlewares/Third_Party/FreeRTOS/Source/list.o
                0x0000000008004ee8                vListInsertEnd
 .text.vListInsert
                0x0000000008004f30       0x72 Middlewares/Third_Party/FreeRTOS/Source/list.o
                0x0000000008004f30                vListInsert
 .text.uxListRemove
                0x0000000008004fa2       0x54 Middlewares/Third_Party/FreeRTOS/Source/list.o
                0x0000000008004fa2                uxListRemove
 .text.xTaskCreateStatic
                0x0000000008004ff6       0xba Middlewares/Third_Party/FreeRTOS/Source/tasks.o
                0x0000000008004ff6                xTaskCreateStatic
 .text.xTaskCreate
                0x00000000080050b0       0x8a Middlewares/Third_Party/FreeRTOS/Source/tasks.o
                0x00000000080050b0                xTaskCreate
 .text.prvInitialiseNewTask
                0x000000000800513a      0x10e Middlewares/Third_Party/FreeRTOS/Source/tasks.o
 .text.prvAddNewTaskToReadyList
                0x0000000008005248       0xd4 Middlewares/Third_Party/FreeRTOS/Source/tasks.o
 .text.vTaskDelay
                0x000000000800531c       0x68 Middlewares/Third_Party/FreeRTOS/Source/tasks.o
                0x000000000800531c                vTaskDelay
 .text.vTaskStartScheduler
                0x0000000008005384       0xc0 Middlewares/Third_Party/FreeRTOS/Source/tasks.o
                0x0000000008005384                vTaskStartScheduler
 .text.vTaskSuspendAll
                0x0000000008005444       0x1c Middlewares/Third_Party/FreeRTOS/Source/tasks.o
                0x0000000008005444                vTaskSuspendAll
 .text.xTaskResumeAll
                0x0000000008005460      0x138 Middlewares/Third_Party/FreeRTOS/Source/tasks.o
                0x0000000008005460                xTaskResumeAll
 .text.xTaskIncrementTick
                0x0000000008005598      0x170 Middlewares/Third_Party/FreeRTOS/Source/tasks.o
                0x0000000008005598                xTaskIncrementTick
 .text.vTaskSwitchContext
                0x0000000008005708       0xb8 Middlewares/Third_Party/FreeRTOS/Source/tasks.o
                0x0000000008005708                vTaskSwitchContext
 .text.prvIdleTask
                0x00000000080057c0       0x30 Middlewares/Third_Party/FreeRTOS/Source/tasks.o
 .text.prvInitialiseTaskLists
                0x00000000080057f0       0x80 Middlewares/Third_Party/FreeRTOS/Source/tasks.o
 .text.prvCheckTasksWaitingTermination
                0x0000000008005870       0x5c Middlewares/Third_Party/FreeRTOS/Source/tasks.o
 .text.prvDeleteTCB
                0x00000000080058cc       0x5e Middlewares/Third_Party/FreeRTOS/Source/tasks.o
 *fill*         0x000000000800592a        0x2 
 .text.prvResetNextTaskUnblockTime
                0x000000000800592c       0x40 Middlewares/Third_Party/FreeRTOS/Source/tasks.o
 .text.prvAddCurrentTaskToDelayedList
                0x000000000800596c       0xcc Middlewares/Third_Party/FreeRTOS/Source/tasks.o
 .text.pxPortInitialiseStack
                0x0000000008005a38       0x68 Middlewares/Third_Party/FreeRTOS/Source/portable/GCC/ARM_CM4F/port.o
                0x0000000008005a38                pxPortInitialiseStack
 .text.prvTaskExitError
                0x0000000008005aa0       0x58 Middlewares/Third_Party/FreeRTOS/Source/portable/GCC/ARM_CM4F/port.o
 *fill*         0x0000000008005af8        0x8 
 .text.SVC_Handler
                0x0000000008005b00       0x28 Middlewares/Third_Party/FreeRTOS/Source/portable/GCC/ARM_CM4F/port.o
                0x0000000008005b00                SVC_Handler
 .text.prvPortStartFirstTask
                0x0000000008005b28       0x28 Middlewares/Third_Party/FreeRTOS/Source/portable/GCC/ARM_CM4F/port.o
 .text.xPortStartScheduler
                0x0000000008005b50      0x144 Middlewares/Third_Party/FreeRTOS/Source/portable/GCC/ARM_CM4F/port.o
                0x0000000008005b50                xPortStartScheduler
 .text.vPortEnterCritical
                0x0000000008005c94       0x60 Middlewares/Third_Party/FreeRTOS/Source/portable/GCC/ARM_CM4F/port.o
                0x0000000008005c94                vPortEnterCritical
 .text.vPortExitCritical
                0x0000000008005cf4       0x54 Middlewares/Third_Party/FreeRTOS/Source/portable/GCC/ARM_CM4F/port.o
                0x0000000008005cf4                vPortExitCritical
 *fill*         0x0000000008005d48        0x8 
 .text.PendSV_Handler
                0x0000000008005d50       0x68 Middlewares/Third_Party/FreeRTOS/Source/portable/GCC/ARM_CM4F/port.o
                0x0000000008005d50                PendSV_Handler
 .text.SysTick_Handler
                0x0000000008005db8       0x44 Middlewares/Third_Party/FreeRTOS/Source/portable/GCC/ARM_CM4F/port.o
                0x0000000008005db8                SysTick_Handler
 .text.vPortSetupTimerInterrupt
                0x0000000008005dfc       0x48 Middlewares/Third_Party/FreeRTOS/Source/portable/GCC/ARM_CM4F/port.o
                0x0000000008005dfc                vPortSetupTimerInterrupt
 .text.vPortEnableVFP
                0x0000000008005e44       0x14 Middlewares/Third_Party/FreeRTOS/Source/portable/GCC/ARM_CM4F/port.o
 .text.pvPortMalloc
                0x0000000008005e58      0x198 Middlewares/Third_Party/FreeRTOS/Source/portable/MemMang/heap_4.o
                0x0000000008005e58                pvPortMalloc
 .text.vPortFree
                0x0000000008005ff0       0xc4 Middlewares/Third_Party/FreeRTOS/Source/portable/MemMang/heap_4.o
                0x0000000008005ff0                vPortFree
 .text.prvHeapInit
                0x00000000080060b4       0xc4 Middlewares/Third_Party/FreeRTOS/Source/portable/MemMang/heap_4.o
 .text.prvInsertBlockIntoFreeList
                0x0000000008006178       0xb4 Middlewares/Third_Party/FreeRTOS/Source/portable/MemMang/heap_4.o
 .text.__libc_init_array
                0x000000000800622c       0x48 c:/st/stm32cubeide_1.6.0/stm32cubeide/plugins/com.st.stm32cube.ide.mcu.externaltools.gnu-tools-for-stm32.9-2020-q2-update.win32_1.5.0.202011040924/tools/bin/../lib/gcc/arm-none-eabi/9.3.1/../../../../arm-none-eabi/lib/thumb/v7e-m+fp/hard\libc_nano.a(lib_a-init.o)
                0x000000000800622c                __libc_init_array
 .text.memset   0x0000000008006274       0x10 c:/st/stm32cubeide_1.6.0/stm32cubeide/plugins/com.st.stm32cube.ide.mcu.externaltools.gnu-tools-for-stm32.9-2020-q2-update.win32_1.5.0.202011040924/tools/bin/../lib/gcc/arm-none-eabi/9.3.1/../../../../arm-none-eabi/lib/thumb/v7e-m+fp/hard\libc_nano.a(lib_a-memset.o)
                0x0000000008006274                memset
 *(.glue_7)
 .glue_7        0x0000000008006284        0x0 linker stubs
 *(.glue_7t)
 .glue_7t       0x0000000008006284        0x0 linker stubs
 *(.eh_frame)
 .eh_frame      0x0000000008006284        0x0 c:/st/stm32cubeide_1.6.0/stm32cubeide/plugins/com.st.stm32cube.ide.mcu.externaltools.gnu-tools-for-stm32.9-2020-q2-update.win32_1.5.0.202011040924/tools/bin/../lib/gcc/arm-none-eabi/9.3.1/thumb/v7e-m+fp/hard/crtbegin.o
 *(.init)
 .init          0x0000000008006284        0x4 c:/st/stm32cubeide_1.6.0/stm32cubeide/plugins/com.st.stm32cube.ide.mcu.externaltools.gnu-tools-for-stm32.9-2020-q2-update.win32_1.5.0.202011040924/tools/bin/../lib/gcc/arm-none-eabi/9.3.1/thumb/v7e-m+fp/hard/crti.o
                0x0000000008006284                _init
 .init          0x0000000008006288        0x8 c:/st/stm32cubeide_1.6.0/stm32cubeide/plugins/com.st.stm32cube.ide.mcu.externaltools.gnu-tools-for-stm32.9-2020-q2-update.win32_1.5.0.202011040924/tools/bin/../lib/gcc/arm-none-eabi/9.3.1/thumb/v7e-m+fp/hard/crtn.o
 *(.fini)
 .fini          0x0000000008006290        0x4 c:/st/stm32cubeide_1.6.0/stm32cubeide/plugins/com.st.stm32cube.ide.mcu.externaltools.gnu-tools-for-stm32.9-2020-q2-update.win32_1.5.0.202011040924/tools/bin/../lib/gcc/arm-none-eabi/9.3.1/thumb/v7e-m+fp/hard/crti.o
                0x0000000008006290                _fini
 .fini          0x0000000008006294        0x8 c:/st/stm32cubeide_1.6.0/stm32cubeide/plugins/com.st.stm32cube.ide.mcu.externaltools.gnu-tools-for-stm32.9-2020-q2-update.win32_1.5.0.202011040924/tools/bin/../lib/gcc/arm-none-eabi/9.3.1/thumb/v7e-m+fp/hard/crtn.o
                0x000000000800629c                . = ALIGN (0x4)
                0x000000000800629c                _etext = .

.vfp11_veneer   0x000000000800629c        0x0
 .vfp11_veneer  0x000000000800629c        0x0 linker stubs

.v4_bx          0x000000000800629c        0x0
 .v4_bx         0x000000000800629c        0x0 linker stubs

.iplt           0x000000000800629c        0x0
 .iplt          0x000000000800629c        0x0 c:/st/stm32cubeide_1.6.0/stm32cubeide/plugins/com.st.stm32cube.ide.mcu.externaltools.gnu-tools-for-stm32.9-2020-q2-update.win32_1.5.0.202011040924/tools/bin/../lib/gcc/arm-none-eabi/9.3.1/thumb/v7e-m+fp/hard/crtbegin.o

.rodata         0x000000000800629c       0xa0
                0x000000000800629c                . = ALIGN (0x4)
 *(.rodata)
 .rodata        0x000000000800629c       0x50 Core/Src/main.o
 .rodata        0x00000000080062ec        0x5 Middlewares/Third_Party/FreeRTOS/Source/tasks.o
 *(.rodata*)
 *fill*         0x00000000080062f1        0x3 
 .rodata.AHBPrescTable
                0x00000000080062f4       0x10 Core/Src/system_stm32l4xx.o
                0x00000000080062f4                AHBPrescTable
 .rodata.APBPrescTable
                0x0000000008006304        0x8 Core/Src/system_stm32l4xx.o
                0x0000000008006304                APBPrescTable
 .rodata.MSIRangeTable
                0x000000000800630c       0x30 Core/Src/system_stm32l4xx.o
                0x000000000800630c                MSIRangeTable
                0x000000000800633c                . = ALIGN (0x4)

.ARM.extab      0x000000000800633c        0x0
                0x000000000800633c                . = ALIGN (0x4)
 *(.ARM.extab* .gnu.linkonce.armextab.*)
                0x000000000800633c                . = ALIGN (0x4)

.ARM            0x000000000800633c        0x8
                0x000000000800633c                . = ALIGN (0x4)
                0x000000000800633c                __exidx_start = .
 *(.ARM.exidx*)
 .ARM.exidx     0x000000000800633c        0x8 c:/st/stm32cubeide_1.6.0/stm32cubeide/plugins/com.st.stm32cube.ide.mcu.externaltools.gnu-tools-for-stm32.9-2020-q2-update.win32_1.5.0.202011040924/tools/bin/../lib/gcc/arm-none-eabi/9.3.1/thumb/v7e-m+fp/hard\libgcc.a(_udivmoddi4.o)
                0x0000000008006344                __exidx_end = .
                0x0000000008006344                . = ALIGN (0x4)

.rel.dyn        0x0000000008006344        0x0
 .rel.iplt      0x0000000008006344        0x0 c:/st/stm32cubeide_1.6.0/stm32cubeide/plugins/com.st.stm32cube.ide.mcu.externaltools.gnu-tools-for-stm32.9-2020-q2-update.win32_1.5.0.202011040924/tools/bin/../lib/gcc/arm-none-eabi/9.3.1/thumb/v7e-m+fp/hard/crtbegin.o

.preinit_array  0x0000000008006344        0x0
                0x0000000008006344                . = ALIGN (0x4)
                0x0000000008006344                PROVIDE (__preinit_array_start = .)
 *(.preinit_array*)
                0x0000000008006344                PROVIDE (__preinit_array_end = .)
                0x0000000008006344                . = ALIGN (0x4)

.init_array     0x0000000008006344        0x4
                0x0000000008006344                . = ALIGN (0x4)
                0x0000000008006344                PROVIDE (__init_array_start = .)
 *(SORT_BY_NAME(.init_array.*))
 *(.init_array*)
 .init_array    0x0000000008006344        0x4 c:/st/stm32cubeide_1.6.0/stm32cubeide/plugins/com.st.stm32cube.ide.mcu.externaltools.gnu-tools-for-stm32.9-2020-q2-update.win32_1.5.0.202011040924/tools/bin/../lib/gcc/arm-none-eabi/9.3.1/thumb/v7e-m+fp/hard/crtbegin.o
                0x0000000008006348                PROVIDE (__init_array_end = .)
                0x0000000008006348                . = ALIGN (0x4)

.fini_array     0x0000000008006348        0x4
                0x0000000008006348                . = ALIGN (0x4)
                [!provide]                        PROVIDE (__fini_array_start = .)
 *(SORT_BY_NAME(.fini_array.*))
 *(.fini_array*)
 .fini_array    0x0000000008006348        0x4 c:/st/stm32cubeide_1.6.0/stm32cubeide/plugins/com.st.stm32cube.ide.mcu.externaltools.gnu-tools-for-stm32.9-2020-q2-update.win32_1.5.0.202011040924/tools/bin/../lib/gcc/arm-none-eabi/9.3.1/thumb/v7e-m+fp/hard/crtbegin.o
                [!provide]                        PROVIDE (__fini_array_end = .)
                0x000000000800634c                . = ALIGN (0x4)
                0x000000000800634c                _sidata = LOADADDR (.data)

.data           0x0000000020000000       0x10 load address 0x000000000800634c
                0x0000000020000000                . = ALIGN (0x4)
                0x0000000020000000                _sdata = .
 *(.data)
 *(.data*)
 .data.SystemCoreClock
                0x0000000020000000        0x4 Core/Src/system_stm32l4xx.o
                0x0000000020000000                SystemCoreClock
 .data.uwTickPrio
                0x0000000020000004        0x4 Drivers/STM32L4xx_HAL_Driver/Src/stm32l4xx_hal.o
                0x0000000020000004                uwTickPrio
 .data.uwTickFreq
                0x0000000020000008        0x1 Drivers/STM32L4xx_HAL_Driver/Src/stm32l4xx_hal.o
                0x0000000020000008                uwTickFreq
 *fill*         0x0000000020000009        0x3 
 .data.uxCriticalNesting
                0x000000002000000c        0x4 Middlewares/Third_Party/FreeRTOS/Source/portable/GCC/ARM_CM4F/port.o
 *(.RamFunc)
 *(.RamFunc*)
                0x0000000020000010                . = ALIGN (0x4)
                0x0000000020000010                _edata = .

.igot.plt       0x0000000020000010        0x0 load address 0x000000000800635c
 .igot.plt      0x0000000020000010        0x0 c:/st/stm32cubeide_1.6.0/stm32cubeide/plugins/com.st.stm32cube.ide.mcu.externaltools.gnu-tools-for-stm32.9-2020-q2-update.win32_1.5.0.202011040924/tools/bin/../lib/gcc/arm-none-eabi/9.3.1/thumb/v7e-m+fp/hard/crtbegin.o
                0x0000000020000010                . = ALIGN (0x4)

.bss            0x0000000020000010     0x1638 load address 0x000000000800635c
                0x0000000020000010                _sbss = .
                0x0000000020000010                __bss_start__ = _sbss
 *(.bss)
 .bss           0x0000000020000010       0x1c c:/st/stm32cubeide_1.6.0/stm32cubeide/plugins/com.st.stm32cube.ide.mcu.externaltools.gnu-tools-for-stm32.9-2020-q2-update.win32_1.5.0.202011040924/tools/bin/../lib/gcc/arm-none-eabi/9.3.1/thumb/v7e-m+fp/hard/crtbegin.o
 *(.bss*)
 .bss.xIdleTaskTCBBuffer
                0x000000002000002c       0x54 Core/Src/freertos.o
 .bss.xIdleStack
                0x0000000020000080      0x200 Core/Src/freertos.o
 .bss.DFSDM1_Init
                0x0000000020000280        0x4 Core/Src/stm32l4xx_hal_msp.o
 .bss.v_dfsdm1ChannelCounter
                0x0000000020000284        0x4 Drivers/STM32L4xx_HAL_Driver/Src/stm32l4xx_hal_dfsdm.o
 .bss.a_dfsdm1ChannelHandle
                0x0000000020000288       0x20 Drivers/STM32L4xx_HAL_Driver/Src/stm32l4xx_hal_dfsdm.o
 .bss.pxCurrentTCB
                0x00000000200002a8        0x4 Middlewares/Third_Party/FreeRTOS/Source/tasks.o
                0x00000000200002a8                pxCurrentTCB
 .bss.pxReadyTasksLists
                0x00000000200002ac       0x8c Middlewares/Third_Party/FreeRTOS/Source/tasks.o
 .bss.xDelayedTaskList1
                0x0000000020000338       0x14 Middlewares/Third_Party/FreeRTOS/Source/tasks.o
 .bss.xDelayedTaskList2
                0x000000002000034c       0x14 Middlewares/Third_Party/FreeRTOS/Source/tasks.o
 .bss.pxDelayedTaskList
                0x0000000020000360        0x4 Middlewares/Third_Party/FreeRTOS/Source/tasks.o
 .bss.pxOverflowDelayedTaskList
                0x0000000020000364        0x4 Middlewares/Third_Party/FreeRTOS/Source/tasks.o
 .bss.xPendingReadyList
                0x0000000020000368       0x14 Middlewares/Third_Party/FreeRTOS/Source/tasks.o
 .bss.xTasksWaitingTermination
                0x000000002000037c       0x14 Middlewares/Third_Party/FreeRTOS/Source/tasks.o
 .bss.uxDeletedTasksWaitingCleanUp
                0x0000000020000390        0x4 Middlewares/Third_Party/FreeRTOS/Source/tasks.o
 .bss.xSuspendedTaskList
                0x0000000020000394       0x14 Middlewares/Third_Party/FreeRTOS/Source/tasks.o
 .bss.uxCurrentNumberOfTasks
                0x00000000200003a8        0x4 Middlewares/Third_Party/FreeRTOS/Source/tasks.o
 .bss.xTickCount
                0x00000000200003ac        0x4 Middlewares/Third_Party/FreeRTOS/Source/tasks.o
 .bss.uxTopReadyPriority
                0x00000000200003b0        0x4 Middlewares/Third_Party/FreeRTOS/Source/tasks.o
 .bss.xSchedulerRunning
                0x00000000200003b4        0x4 Middlewares/Third_Party/FreeRTOS/Source/tasks.o
 .bss.xPendedTicks
                0x00000000200003b8        0x4 Middlewares/Third_Party/FreeRTOS/Source/tasks.o
 .bss.xYieldPending
                0x00000000200003bc        0x4 Middlewares/Third_Party/FreeRTOS/Source/tasks.o
 .bss.xNumOfOverflows
                0x00000000200003c0        0x4 Middlewares/Third_Party/FreeRTOS/Source/tasks.o
 .bss.uxTaskNumber
                0x00000000200003c4        0x4 Middlewares/Third_Party/FreeRTOS/Source/tasks.o
 .bss.xNextTaskUnblockTime
                0x00000000200003c8        0x4 Middlewares/Third_Party/FreeRTOS/Source/tasks.o
 .bss.xIdleTaskHandle
                0x00000000200003cc        0x4 Middlewares/Third_Party/FreeRTOS/Source/tasks.o
 .bss.uxSchedulerSuspended
                0x00000000200003d0        0x4 Middlewares/Third_Party/FreeRTOS/Source/tasks.o
 .bss.ucMaxSysCallPriority
                0x00000000200003d4        0x1 Middlewares/Third_Party/FreeRTOS/Source/portable/GCC/ARM_CM4F/port.o
 *fill*         0x00000000200003d5        0x3 
 .bss.ulMaxPRIGROUPValue
                0x00000000200003d8        0x4 Middlewares/Third_Party/FreeRTOS/Source/portable/GCC/ARM_CM4F/port.o
 .bss.ucHeap    0x00000000200003dc      0xbb8 Middlewares/Third_Party/FreeRTOS/Source/portable/MemMang/heap_4.o
 .bss.xStart    0x0000000020000f94        0x8 Middlewares/Third_Party/FreeRTOS/Source/portable/MemMang/heap_4.o
 .bss.pxEnd     0x0000000020000f9c        0x4 Middlewares/Third_Party/FreeRTOS/Source/portable/MemMang/heap_4.o
 .bss.xFreeBytesRemaining
                0x0000000020000fa0        0x4 Middlewares/Third_Party/FreeRTOS/Source/portable/MemMang/heap_4.o
 .bss.xMinimumEverFreeBytesRemaining
                0x0000000020000fa4        0x4 Middlewares/Third_Party/FreeRTOS/Source/portable/MemMang/heap_4.o
 .bss.xNumberOfSuccessfulAllocations
                0x0000000020000fa8        0x4 Middlewares/Third_Party/FreeRTOS/Source/portable/MemMang/heap_4.o
 .bss.xNumberOfSuccessfulFrees
                0x0000000020000fac        0x4 Middlewares/Third_Party/FreeRTOS/Source/portable/MemMang/heap_4.o
 .bss.xBlockAllocatedBit
                0x0000000020000fb0        0x4 Middlewares/Third_Party/FreeRTOS/Source/portable/MemMang/heap_4.o
 *(COMMON)
 COMMON         0x0000000020000fb4      0x644 Core/Src/main.o
                0x0000000020000fb4                hdfsdm1_channel1
                0x0000000020000fec                defaultTaskHandle
                0x0000000020000ff0                huart3
                0x0000000020001074                hpcd_USB_OTG_FS
                0x000000002000147c                hi2c2
                0x00000000200014c8                hspi3
                0x000000002000152c                huart1
                0x00000000200015b0                myTask02Handle
                0x00000000200015b4                hqspi
 COMMON         0x00000000200015f8       0x4c Core/Src/stm32l4xx_hal_timebase_tim.o
                0x00000000200015f8                htim17
 COMMON         0x0000000020001644        0x4 Drivers/STM32L4xx_HAL_Driver/Src/stm32l4xx_hal.o
                0x0000000020001644                uwTick
                0x0000000020001648                . = ALIGN (0x4)
                0x0000000020001648                _ebss = .
                0x0000000020001648                __bss_end__ = _ebss

._user_heap_stack
                0x0000000020001648      0x600 load address 0x000000000800635c
                0x0000000020001648                . = ALIGN (0x8)
                [!provide]                        PROVIDE (end = .)
                0x0000000020001648                PROVIDE (_end = .)
                0x0000000020001848                . = (. + _Min_Heap_Size)
 *fill*         0x0000000020001648      0x200 
                0x0000000020001c48                . = (. + _Min_Stack_Size)
 *fill*         0x0000000020001848      0x400 
                0x0000000020001c48                . = ALIGN (0x8)

/DISCARD/
 libc.a(*)
 libm.a(*)
 libgcc.a(*)

.ARM.attributes
                0x0000000000000000       0x30
 *(.ARM.attributes)
 .ARM.attributes
                0x0000000000000000       0x1e c:/st/stm32cubeide_1.6.0/stm32cubeide/plugins/com.st.stm32cube.ide.mcu.externaltools.gnu-tools-for-stm32.9-2020-q2-update.win32_1.5.0.202011040924/tools/bin/../lib/gcc/arm-none-eabi/9.3.1/thumb/v7e-m+fp/hard/crti.o
 .ARM.attributes
                0x000000000000001e       0x34 c:/st/stm32cubeide_1.6.0/stm32cubeide/plugins/com.st.stm32cube.ide.mcu.externaltools.gnu-tools-for-stm32.9-2020-q2-update.win32_1.5.0.202011040924/tools/bin/../lib/gcc/arm-none-eabi/9.3.1/thumb/v7e-m+fp/hard/crtbegin.o
 .ARM.attributes
                0x0000000000000052       0x34 Core/Src/freertos.o
 .ARM.attributes
                0x0000000000000086       0x34 Core/Src/main.o
 .ARM.attributes
                0x00000000000000ba       0x34 Core/Src/stm32l4xx_hal_msp.o
 .ARM.attributes
                0x00000000000000ee       0x34 Core/Src/stm32l4xx_hal_timebase_tim.o
 .ARM.attributes
                0x0000000000000122       0x34 Core/Src/stm32l4xx_it.o
 .ARM.attributes
                0x0000000000000156       0x34 Core/Src/system_stm32l4xx.o
 .ARM.attributes
                0x000000000000018a       0x21 Core/Startup/startup_stm32l475vgtx.o
 .ARM.attributes
                0x00000000000001ab       0x34 Drivers/STM32L4xx_HAL_Driver/Src/stm32l4xx_hal.o
 .ARM.attributes
                0x00000000000001df       0x34 Drivers/STM32L4xx_HAL_Driver/Src/stm32l4xx_hal_cortex.o
 .ARM.attributes
                0x0000000000000213       0x34 Drivers/STM32L4xx_HAL_Driver/Src/stm32l4xx_hal_dfsdm.o
 .ARM.attributes
                0x0000000000000247       0x34 Drivers/STM32L4xx_HAL_Driver/Src/stm32l4xx_hal_gpio.o
 .ARM.attributes
                0x000000000000027b       0x34 Drivers/STM32L4xx_HAL_Driver/Src/stm32l4xx_hal_i2c.o
 .ARM.attributes
                0x00000000000002af       0x34 Drivers/STM32L4xx_HAL_Driver/Src/stm32l4xx_hal_i2c_ex.o
 .ARM.attributes
                0x00000000000002e3       0x34 Drivers/STM32L4xx_HAL_Driver/Src/stm32l4xx_hal_pcd.o
 .ARM.attributes
                0x0000000000000317       0x34 Drivers/STM32L4xx_HAL_Driver/Src/stm32l4xx_hal_pcd_ex.o
 .ARM.attributes
                0x000000000000034b       0x34 Drivers/STM32L4xx_HAL_Driver/Src/stm32l4xx_hal_pwr.o
 .ARM.attributes
                0x000000000000037f       0x34 Drivers/STM32L4xx_HAL_Driver/Src/stm32l4xx_hal_pwr_ex.o
 .ARM.attributes
                0x00000000000003b3       0x34 Drivers/STM32L4xx_HAL_Driver/Src/stm32l4xx_hal_qspi.o
 .ARM.attributes
                0x00000000000003e7       0x34 Drivers/STM32L4xx_HAL_Driver/Src/stm32l4xx_hal_rcc.o
 .ARM.attributes
                0x000000000000041b       0x34 Drivers/STM32L4xx_HAL_Driver/Src/stm32l4xx_hal_rcc_ex.o
 .ARM.attributes
                0x000000000000044f       0x34 Drivers/STM32L4xx_HAL_Driver/Src/stm32l4xx_hal_spi.o
 .ARM.attributes
                0x0000000000000483       0x34 Drivers/STM32L4xx_HAL_Driver/Src/stm32l4xx_hal_tim.o
 .ARM.attributes
                0x00000000000004b7       0x34 Drivers/STM32L4xx_HAL_Driver/Src/stm32l4xx_hal_tim_ex.o
 .ARM.attributes
                0x00000000000004eb       0x34 Drivers/STM32L4xx_HAL_Driver/Src/stm32l4xx_hal_uart.o
 .ARM.attributes
                0x000000000000051f       0x34 Drivers/STM32L4xx_HAL_Driver/Src/stm32l4xx_ll_usb.o
 .ARM.attributes
                0x0000000000000553       0x34 Middlewares/Third_Party/FreeRTOS/Source/CMSIS_RTOS/cmsis_os.o
 .ARM.attributes
                0x0000000000000587       0x34 Middlewares/Third_Party/FreeRTOS/Source/list.o
 .ARM.attributes
                0x00000000000005bb       0x34 Middlewares/Third_Party/FreeRTOS/Source/tasks.o
 .ARM.attributes
                0x00000000000005ef       0x34 Middlewares/Third_Party/FreeRTOS/Source/portable/GCC/ARM_CM4F/port.o
 .ARM.attributes
                0x0000000000000623       0x34 Middlewares/Third_Party/FreeRTOS/Source/portable/MemMang/heap_4.o
 .ARM.attributes
                0x0000000000000657       0x34 c:/st/stm32cubeide_1.6.0/stm32cubeide/plugins/com.st.stm32cube.ide.mcu.externaltools.gnu-tools-for-stm32.9-2020-q2-update.win32_1.5.0.202011040924/tools/bin/../lib/gcc/arm-none-eabi/9.3.1/../../../../arm-none-eabi/lib/thumb/v7e-m+fp/hard\libc_nano.a(lib_a-init.o)
 .ARM.attributes
                0x000000000000068b       0x34 c:/st/stm32cubeide_1.6.0/stm32cubeide/plugins/com.st.stm32cube.ide.mcu.externaltools.gnu-tools-for-stm32.9-2020-q2-update.win32_1.5.0.202011040924/tools/bin/../lib/gcc/arm-none-eabi/9.3.1/../../../../arm-none-eabi/lib/thumb/v7e-m+fp/hard\libc_nano.a(lib_a-memset.o)
 .ARM.attributes
                0x00000000000006bf       0x1e c:/st/stm32cubeide_1.6.0/stm32cubeide/plugins/com.st.stm32cube.ide.mcu.externaltools.gnu-tools-for-stm32.9-2020-q2-update.win32_1.5.0.202011040924/tools/bin/../lib/gcc/arm-none-eabi/9.3.1/thumb/v7e-m+fp/hard\libgcc.a(_aeabi_uldivmod.o)
 .ARM.attributes
                0x00000000000006dd       0x34 c:/st/stm32cubeide_1.6.0/stm32cubeide/plugins/com.st.stm32cube.ide.mcu.externaltools.gnu-tools-for-stm32.9-2020-q2-update.win32_1.5.0.202011040924/tools/bin/../lib/gcc/arm-none-eabi/9.3.1/thumb/v7e-m+fp/hard\libgcc.a(_udivmoddi4.o)
 .ARM.attributes
                0x0000000000000711       0x1e c:/st/stm32cubeide_1.6.0/stm32cubeide/plugins/com.st.stm32cube.ide.mcu.externaltools.gnu-tools-for-stm32.9-2020-q2-update.win32_1.5.0.202011040924/tools/bin/../lib/gcc/arm-none-eabi/9.3.1/thumb/v7e-m+fp/hard\libgcc.a(_dvmd_tls.o)
 .ARM.attributes
                0x000000000000072f       0x1e c:/st/stm32cubeide_1.6.0/stm32cubeide/plugins/com.st.stm32cube.ide.mcu.externaltools.gnu-tools-for-stm32.9-2020-q2-update.win32_1.5.0.202011040924/tools/bin/../lib/gcc/arm-none-eabi/9.3.1/thumb/v7e-m+fp/hard/crtn.o
OUTPUT(FreeRTOS.elf elf32-littlearm)
LOAD linker stubs
LOAD c:/st/stm32cubeide_1.6.0/stm32cubeide/plugins/com.st.stm32cube.ide.mcu.externaltools.gnu-tools-for-stm32.9-2020-q2-update.win32_1.5.0.202011040924/tools/bin/../lib/gcc/arm-none-eabi/9.3.1/../../../../arm-none-eabi/lib/thumb/v7e-m+fp/hard\libc.a
LOAD c:/st/stm32cubeide_1.6.0/stm32cubeide/plugins/com.st.stm32cube.ide.mcu.externaltools.gnu-tools-for-stm32.9-2020-q2-update.win32_1.5.0.202011040924/tools/bin/../lib/gcc/arm-none-eabi/9.3.1/../../../../arm-none-eabi/lib/thumb/v7e-m+fp/hard\libm.a
LOAD c:/st/stm32cubeide_1.6.0/stm32cubeide/plugins/com.st.stm32cube.ide.mcu.externaltools.gnu-tools-for-stm32.9-2020-q2-update.win32_1.5.0.202011040924/tools/bin/../lib/gcc/arm-none-eabi/9.3.1/thumb/v7e-m+fp/hard\libgcc.a

.debug_info     0x0000000000000000    0x24226
 .debug_info    0x0000000000000000      0x4be Core/Src/freertos.o
 .debug_info    0x00000000000004be     0x2978 Core/Src/main.o
 .debug_info    0x0000000000002e36     0x2126 Core/Src/stm32l4xx_hal_msp.o
 .debug_info    0x0000000000004f5c      0xe23 Core/Src/stm32l4xx_hal_timebase_tim.o
 .debug_info    0x0000000000005d7f      0x95e Core/Src/stm32l4xx_it.o
 .debug_info    0x00000000000066dd      0x779 Core/Src/system_stm32l4xx.o
 .debug_info    0x0000000000006e56       0x22 Core/Startup/startup_stm32l475vgtx.o
 .debug_info    0x0000000000006e78      0xcb3 Drivers/STM32L4xx_HAL_Driver/Src/stm32l4xx_hal.o
 .debug_info    0x0000000000007b2b     0x1028 Drivers/STM32L4xx_HAL_Driver/Src/stm32l4xx_hal_cortex.o
 .debug_info    0x0000000000008b53     0x1d4a Drivers/STM32L4xx_HAL_Driver/Src/stm32l4xx_hal_dfsdm.o
 .debug_info    0x000000000000a89d      0xa5f Drivers/STM32L4xx_HAL_Driver/Src/stm32l4xx_hal_gpio.o
 .debug_info    0x000000000000b2fc     0x22fd Drivers/STM32L4xx_HAL_Driver/Src/stm32l4xx_hal_i2c.o
 .debug_info    0x000000000000d5f9      0xc29 Drivers/STM32L4xx_HAL_Driver/Src/stm32l4xx_hal_i2c_ex.o
 .debug_info    0x000000000000e222     0x13e2 Drivers/STM32L4xx_HAL_Driver/Src/stm32l4xx_hal_pcd.o
 .debug_info    0x000000000000f604      0xa9f Drivers/STM32L4xx_HAL_Driver/Src/stm32l4xx_hal_pcd_ex.o
 .debug_info    0x00000000000100a3      0xb39 Drivers/STM32L4xx_HAL_Driver/Src/stm32l4xx_hal_pwr.o
 .debug_info    0x0000000000010bdc      0xbda Drivers/STM32L4xx_HAL_Driver/Src/stm32l4xx_hal_pwr_ex.o
 .debug_info    0x00000000000117b6     0x13ec Drivers/STM32L4xx_HAL_Driver/Src/stm32l4xx_hal_qspi.o
 .debug_info    0x0000000000012ba2      0xe0b Drivers/STM32L4xx_HAL_Driver/Src/stm32l4xx_hal_rcc.o
 .debug_info    0x00000000000139ad     0x103f Drivers/STM32L4xx_HAL_Driver/Src/stm32l4xx_hal_rcc_ex.o
 .debug_info    0x00000000000149ec     0x18f8 Drivers/STM32L4xx_HAL_Driver/Src/stm32l4xx_hal_spi.o
 .debug_info    0x00000000000162e4     0x2cb9 Drivers/STM32L4xx_HAL_Driver/Src/stm32l4xx_hal_tim.o
 .debug_info    0x0000000000018f9d     0x1813 Drivers/STM32L4xx_HAL_Driver/Src/stm32l4xx_hal_tim_ex.o
 .debug_info    0x000000000001a7b0     0x1ac3 Drivers/STM32L4xx_HAL_Driver/Src/stm32l4xx_hal_uart.o
 .debug_info    0x000000000001c273     0x1c05 Drivers/STM32L4xx_HAL_Driver/Src/stm32l4xx_ll_usb.o
 .debug_info    0x000000000001de78     0x203c Middlewares/Third_Party/FreeRTOS/Source/CMSIS_RTOS/cmsis_os.o
 .debug_info    0x000000000001feb4      0xb82 Middlewares/Third_Party/FreeRTOS/Source/list.o
 .debug_info    0x0000000000020a36     0x2575 Middlewares/Third_Party/FreeRTOS/Source/tasks.o
 .debug_info    0x0000000000022fab      0x4f1 Middlewares/Third_Party/FreeRTOS/Source/portable/GCC/ARM_CM4F/port.o
 .debug_info    0x000000000002349c      0xd8a Middlewares/Third_Party/FreeRTOS/Source/portable/MemMang/heap_4.o

.debug_abbrev   0x0000000000000000     0x4300
 .debug_abbrev  0x0000000000000000      0x13d Core/Src/freertos.o
 .debug_abbrev  0x000000000000013d      0x2fe Core/Src/main.o
 .debug_abbrev  0x000000000000043b      0x23e Core/Src/stm32l4xx_hal_msp.o
 .debug_abbrev  0x0000000000000679      0x1bf Core/Src/stm32l4xx_hal_timebase_tim.o
 .debug_abbrev  0x0000000000000838      0x176 Core/Src/stm32l4xx_it.o
 .debug_abbrev  0x00000000000009ae      0x165 Core/Src/system_stm32l4xx.o
 .debug_abbrev  0x0000000000000b13       0x12 Core/Startup/startup_stm32l475vgtx.o
 .debug_abbrev  0x0000000000000b25      0x227 Drivers/STM32L4xx_HAL_Driver/Src/stm32l4xx_hal.o
 .debug_abbrev  0x0000000000000d4c      0x33c Drivers/STM32L4xx_HAL_Driver/Src/stm32l4xx_hal_cortex.o
 .debug_abbrev  0x0000000000001088      0x267 Drivers/STM32L4xx_HAL_Driver/Src/stm32l4xx_hal_dfsdm.o
 .debug_abbrev  0x00000000000012ef      0x1e8 Drivers/STM32L4xx_HAL_Driver/Src/stm32l4xx_hal_gpio.o
 .debug_abbrev  0x00000000000014d7      0x256 Drivers/STM32L4xx_HAL_Driver/Src/stm32l4xx_hal_i2c.o
 .debug_abbrev  0x000000000000172d      0x1dd Drivers/STM32L4xx_HAL_Driver/Src/stm32l4xx_hal_i2c_ex.o
 .debug_abbrev  0x000000000000190a      0x2a0 Drivers/STM32L4xx_HAL_Driver/Src/stm32l4xx_hal_pcd.o
 .debug_abbrev  0x0000000000001baa      0x246 Drivers/STM32L4xx_HAL_Driver/Src/stm32l4xx_hal_pcd_ex.o
 .debug_abbrev  0x0000000000001df0      0x1ab Drivers/STM32L4xx_HAL_Driver/Src/stm32l4xx_hal_pwr.o
 .debug_abbrev  0x0000000000001f9b      0x1f3 Drivers/STM32L4xx_HAL_Driver/Src/stm32l4xx_hal_pwr_ex.o
 .debug_abbrev  0x000000000000218e      0x24b Drivers/STM32L4xx_HAL_Driver/Src/stm32l4xx_hal_qspi.o
 .debug_abbrev  0x00000000000023d9      0x275 Drivers/STM32L4xx_HAL_Driver/Src/stm32l4xx_hal_rcc.o
 .debug_abbrev  0x000000000000264e      0x268 Drivers/STM32L4xx_HAL_Driver/Src/stm32l4xx_hal_rcc_ex.o
 .debug_abbrev  0x00000000000028b6      0x254 Drivers/STM32L4xx_HAL_Driver/Src/stm32l4xx_hal_spi.o
 .debug_abbrev  0x0000000000002b0a      0x25e Drivers/STM32L4xx_HAL_Driver/Src/stm32l4xx_hal_tim.o
 .debug_abbrev  0x0000000000002d68      0x266 Drivers/STM32L4xx_HAL_Driver/Src/stm32l4xx_hal_tim_ex.o
 .debug_abbrev  0x0000000000002fce      0x23f Drivers/STM32L4xx_HAL_Driver/Src/stm32l4xx_hal_uart.o
 .debug_abbrev  0x000000000000320d      0x2a7 Drivers/STM32L4xx_HAL_Driver/Src/stm32l4xx_ll_usb.o
 .debug_abbrev  0x00000000000034b4      0x3d1 Middlewares/Third_Party/FreeRTOS/Source/CMSIS_RTOS/cmsis_os.o
 .debug_abbrev  0x0000000000003885      0x1f7 Middlewares/Third_Party/FreeRTOS/Source/list.o
 .debug_abbrev  0x0000000000003a7c      0x380 Middlewares/Third_Party/FreeRTOS/Source/tasks.o
 .debug_abbrev  0x0000000000003dfc      0x231 Middlewares/Third_Party/FreeRTOS/Source/portable/GCC/ARM_CM4F/port.o
 .debug_abbrev  0x000000000000402d      0x2d3 Middlewares/Third_Party/FreeRTOS/Source/portable/MemMang/heap_4.o

.debug_aranges  0x0000000000000000     0x1f88
 .debug_aranges
                0x0000000000000000       0x20 Core/Src/freertos.o
 .debug_aranges
                0x0000000000000020       0x88 Core/Src/main.o
 .debug_aranges
                0x00000000000000a8       0x80 Core/Src/stm32l4xx_hal_msp.o
 .debug_aranges
                0x0000000000000128       0x30 Core/Src/stm32l4xx_hal_timebase_tim.o
 .debug_aranges
                0x0000000000000158       0x60 Core/Src/stm32l4xx_it.o
 .debug_aranges
                0x00000000000001b8       0x28 Core/Src/system_stm32l4xx.o
 .debug_aranges
                0x00000000000001e0       0x28 Core/Startup/startup_stm32l475vgtx.o
 .debug_aranges
                0x0000000000000208      0x130 Drivers/STM32L4xx_HAL_Driver/Src/stm32l4xx_hal.o
 .debug_aranges
                0x0000000000000338      0x118 Drivers/STM32L4xx_HAL_Driver/Src/stm32l4xx_hal_cortex.o
 .debug_aranges
                0x0000000000000450      0x248 Drivers/STM32L4xx_HAL_Driver/Src/stm32l4xx_hal_dfsdm.o
 .debug_aranges
                0x0000000000000698       0x58 Drivers/STM32L4xx_HAL_Driver/Src/stm32l4xx_hal_gpio.o
 .debug_aranges
                0x00000000000006f0      0x290 Drivers/STM32L4xx_HAL_Driver/Src/stm32l4xx_hal_i2c.o
 .debug_aranges
                0x0000000000000980       0x48 Drivers/STM32L4xx_HAL_Driver/Src/stm32l4xx_hal_i2c_ex.o
 .debug_aranges
                0x00000000000009c8      0x130 Drivers/STM32L4xx_HAL_Driver/Src/stm32l4xx_hal_pcd.o
 .debug_aranges
                0x0000000000000af8       0x60 Drivers/STM32L4xx_HAL_Driver/Src/stm32l4xx_hal_pcd_ex.o
 .debug_aranges
                0x0000000000000b58       0x98 Drivers/STM32L4xx_HAL_Driver/Src/stm32l4xx_hal_pwr.o
 .debug_aranges
                0x0000000000000bf0      0x150 Drivers/STM32L4xx_HAL_Driver/Src/stm32l4xx_hal_pwr_ex.o
 .debug_aranges
                0x0000000000000d40      0x160 Drivers/STM32L4xx_HAL_Driver/Src/stm32l4xx_hal_qspi.o
 .debug_aranges
                0x0000000000000ea0       0x88 Drivers/STM32L4xx_HAL_Driver/Src/stm32l4xx_hal_rcc.o
 .debug_aranges
                0x0000000000000f28       0xc0 Drivers/STM32L4xx_HAL_Driver/Src/stm32l4xx_hal_rcc_ex.o
 .debug_aranges
                0x0000000000000fe8      0x1d8 Drivers/STM32L4xx_HAL_Driver/Src/stm32l4xx_hal_spi.o
 .debug_aranges
                0x00000000000011c0      0x3e0 Drivers/STM32L4xx_HAL_Driver/Src/stm32l4xx_hal_tim.o
 .debug_aranges
                0x00000000000015a0      0x180 Drivers/STM32L4xx_HAL_Driver/Src/stm32l4xx_hal_tim_ex.o
 .debug_aranges
                0x0000000000001720      0x228 Drivers/STM32L4xx_HAL_Driver/Src/stm32l4xx_hal_uart.o
 .debug_aranges
                0x0000000000001948      0x198 Drivers/STM32L4xx_HAL_Driver/Src/stm32l4xx_ll_usb.o
 .debug_aranges
                0x0000000000001ae0      0x1d8 Middlewares/Third_Party/FreeRTOS/Source/CMSIS_RTOS/cmsis_os.o
 .debug_aranges
                0x0000000000001cb8       0x40 Middlewares/Third_Party/FreeRTOS/Source/list.o
 .debug_aranges
                0x0000000000001cf8      0x1b8 Middlewares/Third_Party/FreeRTOS/Source/tasks.o
 .debug_aranges
                0x0000000000001eb0       0x80 Middlewares/Third_Party/FreeRTOS/Source/portable/GCC/ARM_CM4F/port.o
 .debug_aranges
                0x0000000000001f30       0x58 Middlewares/Third_Party/FreeRTOS/Source/portable/MemMang/heap_4.o

.debug_ranges   0x0000000000000000     0x1de0
 .debug_ranges  0x0000000000000000       0x10 Core/Src/freertos.o
 .debug_ranges  0x0000000000000010       0x78 Core/Src/main.o
 .debug_ranges  0x0000000000000088       0x70 Core/Src/stm32l4xx_hal_msp.o
 .debug_ranges  0x00000000000000f8       0x20 Core/Src/stm32l4xx_hal_timebase_tim.o
 .debug_ranges  0x0000000000000118       0x50 Core/Src/stm32l4xx_it.o
 .debug_ranges  0x0000000000000168       0x18 Core/Src/system_stm32l4xx.o
 .debug_ranges  0x0000000000000180       0x20 Core/Startup/startup_stm32l475vgtx.o
 .debug_ranges  0x00000000000001a0      0x120 Drivers/STM32L4xx_HAL_Driver/Src/stm32l4xx_hal.o
 .debug_ranges  0x00000000000002c0      0x108 Drivers/STM32L4xx_HAL_Driver/Src/stm32l4xx_hal_cortex.o
 .debug_ranges  0x00000000000003c8      0x238 Drivers/STM32L4xx_HAL_Driver/Src/stm32l4xx_hal_dfsdm.o
 .debug_ranges  0x0000000000000600       0x48 Drivers/STM32L4xx_HAL_Driver/Src/stm32l4xx_hal_gpio.o
 .debug_ranges  0x0000000000000648      0x280 Drivers/STM32L4xx_HAL_Driver/Src/stm32l4xx_hal_i2c.o
 .debug_ranges  0x00000000000008c8       0x38 Drivers/STM32L4xx_HAL_Driver/Src/stm32l4xx_hal_i2c_ex.o
 .debug_ranges  0x0000000000000900      0x120 Drivers/STM32L4xx_HAL_Driver/Src/stm32l4xx_hal_pcd.o
 .debug_ranges  0x0000000000000a20       0x50 Drivers/STM32L4xx_HAL_Driver/Src/stm32l4xx_hal_pcd_ex.o
 .debug_ranges  0x0000000000000a70       0x88 Drivers/STM32L4xx_HAL_Driver/Src/stm32l4xx_hal_pwr.o
 .debug_ranges  0x0000000000000af8      0x140 Drivers/STM32L4xx_HAL_Driver/Src/stm32l4xx_hal_pwr_ex.o
 .debug_ranges  0x0000000000000c38      0x150 Drivers/STM32L4xx_HAL_Driver/Src/stm32l4xx_hal_qspi.o
 .debug_ranges  0x0000000000000d88       0x78 Drivers/STM32L4xx_HAL_Driver/Src/stm32l4xx_hal_rcc.o
 .debug_ranges  0x0000000000000e00       0xb0 Drivers/STM32L4xx_HAL_Driver/Src/stm32l4xx_hal_rcc_ex.o
 .debug_ranges  0x0000000000000eb0      0x1c8 Drivers/STM32L4xx_HAL_Driver/Src/stm32l4xx_hal_spi.o
 .debug_ranges  0x0000000000001078      0x3d0 Drivers/STM32L4xx_HAL_Driver/Src/stm32l4xx_hal_tim.o
 .debug_ranges  0x0000000000001448      0x170 Drivers/STM32L4xx_HAL_Driver/Src/stm32l4xx_hal_tim_ex.o
 .debug_ranges  0x00000000000015b8      0x248 Drivers/STM32L4xx_HAL_Driver/Src/stm32l4xx_hal_uart.o
 .debug_ranges  0x0000000000001800      0x188 Drivers/STM32L4xx_HAL_Driver/Src/stm32l4xx_ll_usb.o
 .debug_ranges  0x0000000000001988      0x1c8 Middlewares/Third_Party/FreeRTOS/Source/CMSIS_RTOS/cmsis_os.o
 .debug_ranges  0x0000000000001b50       0x30 Middlewares/Third_Party/FreeRTOS/Source/list.o
 .debug_ranges  0x0000000000001b80      0x1a8 Middlewares/Third_Party/FreeRTOS/Source/tasks.o
 .debug_ranges  0x0000000000001d28       0x70 Middlewares/Third_Party/FreeRTOS/Source/portable/GCC/ARM_CM4F/port.o
 .debug_ranges  0x0000000000001d98       0x48 Middlewares/Third_Party/FreeRTOS/Source/portable/MemMang/heap_4.o

.debug_macro    0x0000000000000000    0x2a09a
 .debug_macro   0x0000000000000000      0x29d Core/Src/freertos.o
 .debug_macro   0x000000000000029d      0xaa8 Core/Src/freertos.o
 .debug_macro   0x0000000000000d45      0x174 Core/Src/freertos.o
 .debug_macro   0x0000000000000eb9       0x22 Core/Src/freertos.o
 .debug_macro   0x0000000000000edb       0x8e Core/Src/freertos.o
 .debug_macro   0x0000000000000f69       0x51 Core/Src/freertos.o
 .debug_macro   0x0000000000000fba      0x103 Core/Src/freertos.o
 .debug_macro   0x00000000000010bd       0x6a Core/Src/freertos.o
 .debug_macro   0x0000000000001127      0x1df Core/Src/freertos.o
 .debug_macro   0x0000000000001306       0xea Core/Src/freertos.o
 .debug_macro   0x00000000000013f0      0x15a Core/Src/freertos.o
 .debug_macro   0x000000000000154a       0xde Core/Src/freertos.o
 .debug_macro   0x0000000000001628       0x1c Core/Src/freertos.o
 .debug_macro   0x0000000000001644       0x26 Core/Src/freertos.o
 .debug_macro   0x000000000000166a      0x504 Core/Src/freertos.o
 .debug_macro   0x0000000000001b6e       0xb5 Core/Src/freertos.o
 .debug_macro   0x0000000000001c23       0xaa Core/Src/freertos.o
 .debug_macro   0x0000000000001ccd      0x1c5 Core/Src/freertos.o
 .debug_macro   0x0000000000001e92       0x2e Core/Src/freertos.o
 .debug_macro   0x0000000000001ec0       0x28 Core/Src/freertos.o
 .debug_macro   0x0000000000001ee8       0x1c Core/Src/freertos.o
 .debug_macro   0x0000000000001f04       0x22 Core/Src/freertos.o
 .debug_macro   0x0000000000001f26      0x101 Core/Src/freertos.o
 .debug_macro   0x0000000000002027     0x1011 Core/Src/freertos.o
 .debug_macro   0x0000000000003038      0x11f Core/Src/freertos.o
 .debug_macro   0x0000000000003157    0x19db6 Core/Src/freertos.o
 .debug_macro   0x000000000001cf0d       0x43 Core/Src/freertos.o
 .debug_macro   0x000000000001cf50     0x3897 Core/Src/freertos.o
 .debug_macro   0x00000000000207e7       0x5c Core/Src/freertos.o
 .debug_macro   0x0000000000020843     0x1519 Core/Src/freertos.o
 .debug_macro   0x0000000000021d5c      0x59e Core/Src/freertos.o
 .debug_macro   0x00000000000222fa      0x13d Core/Src/freertos.o
 .debug_macro   0x0000000000022437      0x17d Core/Src/freertos.o
 .debug_macro   0x00000000000225b4      0x26b Core/Src/freertos.o
 .debug_macro   0x000000000002281f      0x29c Core/Src/freertos.o
 .debug_macro   0x0000000000022abb      0x23d Core/Src/freertos.o
 .debug_macro   0x0000000000022cf8      0x241 Core/Src/freertos.o
 .debug_macro   0x0000000000022f39      0x37c Core/Src/freertos.o
 .debug_macro   0x00000000000232b5       0xd6 Core/Src/freertos.o
 .debug_macro   0x000000000002338b      0x22c Core/Src/freertos.o
 .debug_macro   0x00000000000235b7       0x61 Core/Src/freertos.o
 .debug_macro   0x0000000000023618       0xa5 Core/Src/freertos.o
 .debug_macro   0x00000000000236bd      0x1ed Core/Src/freertos.o
 .debug_macro   0x00000000000238aa       0x97 Core/Src/freertos.o
 .debug_macro   0x0000000000023941      0x122 Core/Src/freertos.o
 .debug_macro   0x0000000000023a63      0x3e9 Core/Src/freertos.o
 .debug_macro   0x0000000000023e4c      0x2a3 Core/Src/freertos.o
 .debug_macro   0x00000000000240ef      0x2fe Core/Src/freertos.o
 .debug_macro   0x00000000000243ed      0xa75 Core/Src/freertos.o
 .debug_macro   0x0000000000024e62      0x1e7 Core/Src/freertos.o
 .debug_macro   0x0000000000025049      0x5ba Core/Src/freertos.o
 .debug_macro   0x0000000000025603       0x44 Core/Src/freertos.o
 .debug_macro   0x0000000000025647      0x331 Core/Src/freertos.o
 .debug_macro   0x0000000000025978      0x444 Core/Src/freertos.o
 .debug_macro   0x0000000000025dbc      0x2e8 Core/Src/main.o
 .debug_macro   0x00000000000260a4       0xea Core/Src/main.o
 .debug_macro   0x000000000002618e       0x91 Core/Src/main.o
 .debug_macro   0x000000000002621f       0x8d Core/Src/main.o
 .debug_macro   0x00000000000262ac       0x7e Core/Src/main.o
 .debug_macro   0x000000000002632a       0x19 Core/Src/main.o
 .debug_macro   0x0000000000026343       0xf2 Core/Src/main.o
 .debug_macro   0x0000000000026435      0x235 Core/Src/stm32l4xx_hal_msp.o
 .debug_macro   0x000000000002666a      0x226 Core/Src/stm32l4xx_hal_timebase_tim.o
 .debug_macro   0x0000000000026890      0x23f Core/Src/stm32l4xx_it.o
 .debug_macro   0x0000000000026acf      0x226 Core/Src/system_stm32l4xx.o
 .debug_macro   0x0000000000026cf5      0x274 Drivers/STM32L4xx_HAL_Driver/Src/stm32l4xx_hal.o
 .debug_macro   0x0000000000026f69      0x226 Drivers/STM32L4xx_HAL_Driver/Src/stm32l4xx_hal_cortex.o
 .debug_macro   0x000000000002718f      0x24a Drivers/STM32L4xx_HAL_Driver/Src/stm32l4xx_hal_dfsdm.o
 .debug_macro   0x00000000000273d9      0x265 Drivers/STM32L4xx_HAL_Driver/Src/stm32l4xx_hal_gpio.o
 .debug_macro   0x000000000002763e      0x2eb Drivers/STM32L4xx_HAL_Driver/Src/stm32l4xx_hal_i2c.o
 .debug_macro   0x0000000000027929      0x226 Drivers/STM32L4xx_HAL_Driver/Src/stm32l4xx_hal_i2c_ex.o
 .debug_macro   0x0000000000027b4f      0x232 Drivers/STM32L4xx_HAL_Driver/Src/stm32l4xx_hal_pcd.o
 .debug_macro   0x0000000000027d81      0x226 Drivers/STM32L4xx_HAL_Driver/Src/stm32l4xx_hal_pcd_ex.o
 .debug_macro   0x0000000000027fa7      0x23e Drivers/STM32L4xx_HAL_Driver/Src/stm32l4xx_hal_pwr.o
 .debug_macro   0x00000000000281e5      0x24a Drivers/STM32L4xx_HAL_Driver/Src/stm32l4xx_hal_pwr_ex.o
 .debug_macro   0x000000000002842f      0x24a Drivers/STM32L4xx_HAL_Driver/Src/stm32l4xx_hal_qspi.o
 .debug_macro   0x0000000000028679      0x268 Drivers/STM32L4xx_HAL_Driver/Src/stm32l4xx_hal_rcc.o
 .debug_macro   0x00000000000288e1      0x25c Drivers/STM32L4xx_HAL_Driver/Src/stm32l4xx_hal_rcc_ex.o
 .debug_macro   0x0000000000028b3d      0x22e Drivers/STM32L4xx_HAL_Driver/Src/stm32l4xx_hal_spi.o
 .debug_macro   0x0000000000028d6b      0x227 Drivers/STM32L4xx_HAL_Driver/Src/stm32l4xx_hal_tim.o
 .debug_macro   0x0000000000028f92      0x226 Drivers/STM32L4xx_HAL_Driver/Src/stm32l4xx_hal_tim_ex.o
 .debug_macro   0x00000000000291b8      0x251 Drivers/STM32L4xx_HAL_Driver/Src/stm32l4xx_hal_uart.o
 .debug_macro   0x0000000000029409      0x226 Drivers/STM32L4xx_HAL_Driver/Src/stm32l4xx_ll_usb.o
 .debug_macro   0x000000000002962f      0x1fe Middlewares/Third_Party/FreeRTOS/Source/CMSIS_RTOS/cmsis_os.o
 .debug_macro   0x000000000002982d       0x10 Middlewares/Third_Party/FreeRTOS/Source/CMSIS_RTOS/cmsis_os.o
 .debug_macro   0x000000000002983d       0x20 Middlewares/Third_Party/FreeRTOS/Source/CMSIS_RTOS/cmsis_os.o
 .debug_macro   0x000000000002985d       0xe9 Middlewares/Third_Party/FreeRTOS/Source/CMSIS_RTOS/cmsis_os.o
 .debug_macro   0x0000000000029946      0x187 Middlewares/Third_Party/FreeRTOS/Source/list.o
 .debug_macro   0x0000000000029acd      0x279 Middlewares/Third_Party/FreeRTOS/Source/tasks.o
 .debug_macro   0x0000000000029d46       0x10 Middlewares/Third_Party/FreeRTOS/Source/tasks.o
 .debug_macro   0x0000000000029d56      0x196 Middlewares/Third_Party/FreeRTOS/Source/portable/GCC/ARM_CM4F/port.o
 .debug_macro   0x0000000000029eec      0x1ae Middlewares/Third_Party/FreeRTOS/Source/portable/MemMang/heap_4.o

.debug_line     0x0000000000000000    0x2186c
 .debug_line    0x0000000000000000      0x8a0 Core/Src/freertos.o
 .debug_line    0x00000000000008a0      0xd24 Core/Src/main.o
 .debug_line    0x00000000000015c4      0x9de Core/Src/stm32l4xx_hal_msp.o
 .debug_line    0x0000000000001fa2      0x7fe Core/Src/stm32l4xx_hal_timebase_tim.o
 .debug_line    0x00000000000027a0      0x875 Core/Src/stm32l4xx_it.o
 .debug_line    0x0000000000003015      0x852 Core/Src/system_stm32l4xx.o
 .debug_line    0x0000000000003867       0x87 Core/Startup/startup_stm32l475vgtx.o
 .debug_line    0x00000000000038ee      0xb91 Drivers/STM32L4xx_HAL_Driver/Src/stm32l4xx_hal.o
 .debug_line    0x000000000000447f      0xd38 Drivers/STM32L4xx_HAL_Driver/Src/stm32l4xx_hal_cortex.o
 .debug_line    0x00000000000051b7     0x1f09 Drivers/STM32L4xx_HAL_Driver/Src/stm32l4xx_hal_dfsdm.o
 .debug_line    0x00000000000070c0      0xc0b Drivers/STM32L4xx_HAL_Driver/Src/stm32l4xx_hal_gpio.o
 .debug_line    0x0000000000007ccb     0x3362 Drivers/STM32L4xx_HAL_Driver/Src/stm32l4xx_hal_i2c.o
 .debug_line    0x000000000000b02d      0x9bf Drivers/STM32L4xx_HAL_Driver/Src/stm32l4xx_hal_i2c_ex.o
 .debug_line    0x000000000000b9ec     0x1289 Drivers/STM32L4xx_HAL_Driver/Src/stm32l4xx_hal_pcd.o
 .debug_line    0x000000000000cc75      0x97d Drivers/STM32L4xx_HAL_Driver/Src/stm32l4xx_hal_pcd_ex.o
 .debug_line    0x000000000000d5f2      0x96e Drivers/STM32L4xx_HAL_Driver/Src/stm32l4xx_hal_pwr.o
 .debug_line    0x000000000000df60      0xd4d Drivers/STM32L4xx_HAL_Driver/Src/stm32l4xx_hal_pwr_ex.o
 .debug_line    0x000000000000ecad     0x1482 Drivers/STM32L4xx_HAL_Driver/Src/stm32l4xx_hal_qspi.o
 .debug_line    0x000000000001012f      0xfd5 Drivers/STM32L4xx_HAL_Driver/Src/stm32l4xx_hal_rcc.o
 .debug_line    0x0000000000011104     0x154a Drivers/STM32L4xx_HAL_Driver/Src/stm32l4xx_hal_rcc_ex.o
 .debug_line    0x000000000001264e     0x1fba Drivers/STM32L4xx_HAL_Driver/Src/stm32l4xx_hal_spi.o
 .debug_line    0x0000000000014608     0x3d1b Drivers/STM32L4xx_HAL_Driver/Src/stm32l4xx_hal_tim.o
 .debug_line    0x0000000000018323     0x1c60 Drivers/STM32L4xx_HAL_Driver/Src/stm32l4xx_hal_tim_ex.o
 .debug_line    0x0000000000019f83     0x1e22 Drivers/STM32L4xx_HAL_Driver/Src/stm32l4xx_hal_uart.o
 .debug_line    0x000000000001bda5     0x17f9 Drivers/STM32L4xx_HAL_Driver/Src/stm32l4xx_ll_usb.o
 .debug_line    0x000000000001d59e     0x11c4 Middlewares/Third_Party/FreeRTOS/Source/CMSIS_RTOS/cmsis_os.o
 .debug_line    0x000000000001e762      0x70b Middlewares/Third_Party/FreeRTOS/Source/list.o
 .debug_line    0x000000000001ee6d     0x191b Middlewares/Third_Party/FreeRTOS/Source/tasks.o
 .debug_line    0x0000000000020788      0x7af Middlewares/Third_Party/FreeRTOS/Source/portable/GCC/ARM_CM4F/port.o
 .debug_line    0x0000000000020f37      0x935 Middlewares/Third_Party/FreeRTOS/Source/portable/MemMang/heap_4.o

.debug_str      0x0000000000000000   0x1057cb
 .debug_str     0x0000000000000000    0xf51f3 Core/Src/freertos.o
                                      0xf54e5 (size before relaxing)
 .debug_str     0x00000000000f51f3     0x3e60 Core/Src/main.o
                                      0xf95c3 (size before relaxing)
 .debug_str     0x00000000000f9053      0x132 Core/Src/stm32l4xx_hal_msp.o
                                      0xf2cdc (size before relaxing)
 .debug_str     0x00000000000f9185       0x99 Core/Src/stm32l4xx_hal_timebase_tim.o
                                      0xf0e41 (size before relaxing)
 .debug_str     0x00000000000f921e       0xba Core/Src/stm32l4xx_it.o
                                      0xf1b6d (size before relaxing)
 .debug_str     0x00000000000f92d8       0xb8 Core/Src/system_stm32l4xx.o
                                      0xf042c (size before relaxing)
 .debug_str     0x00000000000f9390       0x36 Core/Startup/startup_stm32l475vgtx.o
                                         0x71 (size before relaxing)
 .debug_str     0x00000000000f93c6      0x55f Drivers/STM32L4xx_HAL_Driver/Src/stm32l4xx_hal.o
                                      0xf0f22 (size before relaxing)
 .debug_str     0x00000000000f9925      0x380 Drivers/STM32L4xx_HAL_Driver/Src/stm32l4xx_hal_cortex.o
                                      0xf0c92 (size before relaxing)
 .debug_str     0x00000000000f9ca5      0xc1f Drivers/STM32L4xx_HAL_Driver/Src/stm32l4xx_hal_dfsdm.o
                                      0xf1310 (size before relaxing)
 .debug_str     0x00000000000fa8c4      0x236 Drivers/STM32L4xx_HAL_Driver/Src/stm32l4xx_hal_gpio.o
                                      0xf06c6 (size before relaxing)
 .debug_str     0x00000000000faafa      0xd33 Drivers/STM32L4xx_HAL_Driver/Src/stm32l4xx_hal_i2c.o
                                      0xf1558 (size before relaxing)
 .debug_str     0x00000000000fb82d       0xb8 Drivers/STM32L4xx_HAL_Driver/Src/stm32l4xx_hal_i2c_ex.o
                                      0xf0950 (size before relaxing)
 .debug_str     0x00000000000fb8e5      0x531 Drivers/STM32L4xx_HAL_Driver/Src/stm32l4xx_hal_pcd.o
                                      0xf0bab (size before relaxing)
 .debug_str     0x00000000000fbe16      0x1b4 Drivers/STM32L4xx_HAL_Driver/Src/stm32l4xx_hal_pcd_ex.o
                                      0xf0823 (size before relaxing)
 .debug_str     0x00000000000fbfca      0x2f1 Drivers/STM32L4xx_HAL_Driver/Src/stm32l4xx_hal_pwr.o
                                      0xf075e (size before relaxing)
 .debug_str     0x00000000000fc2bb      0x43e Drivers/STM32L4xx_HAL_Driver/Src/stm32l4xx_hal_pwr_ex.o
                                      0xf0962 (size before relaxing)
 .debug_str     0x00000000000fc6f9      0x6b3 Drivers/STM32L4xx_HAL_Driver/Src/stm32l4xx_hal_qspi.o
                                      0xf0d26 (size before relaxing)
 .debug_str     0x00000000000fcdac      0x3a0 Drivers/STM32L4xx_HAL_Driver/Src/stm32l4xx_hal_rcc.o
                                      0xf0a09 (size before relaxing)
 .debug_str     0x00000000000fd14c      0x3a6 Drivers/STM32L4xx_HAL_Driver/Src/stm32l4xx_hal_rcc_ex.o
                                      0xf0b9a (size before relaxing)
 .debug_str     0x00000000000fd4f2      0x53d Drivers/STM32L4xx_HAL_Driver/Src/stm32l4xx_hal_spi.o
                                      0xf0bfa (size before relaxing)
 .debug_str     0x00000000000fda2f      0xe5c Drivers/STM32L4xx_HAL_Driver/Src/stm32l4xx_hal_tim.o
                                      0xf16c8 (size before relaxing)
 .debug_str     0x00000000000fe88b      0x652 Drivers/STM32L4xx_HAL_Driver/Src/stm32l4xx_hal_tim_ex.o
                                      0xf0f9a (size before relaxing)
 .debug_str     0x00000000000feedd      0x885 Drivers/STM32L4xx_HAL_Driver/Src/stm32l4xx_hal_uart.o
                                      0xf108b (size before relaxing)
 .debug_str     0x00000000000ff762      0x68f Drivers/STM32L4xx_HAL_Driver/Src/stm32l4xx_ll_usb.o
                                      0xf0d34 (size before relaxing)
 .debug_str     0x00000000000ffdf1     0x3a38 Middlewares/Third_Party/FreeRTOS/Source/CMSIS_RTOS/cmsis_os.o
                                       0xe5f6 (size before relaxing)
 .debug_str     0x0000000000103829      0x219 Middlewares/Third_Party/FreeRTOS/Source/list.o
                                       0xab62 (size before relaxing)
 .debug_str     0x0000000000103a42     0x1242 Middlewares/Third_Party/FreeRTOS/Source/tasks.o
                                       0xcdcc (size before relaxing)
 .debug_str     0x0000000000104c84      0x803 Middlewares/Third_Party/FreeRTOS/Source/portable/GCC/ARM_CM4F/port.o
                                       0x86a1 (size before relaxing)
 .debug_str     0x0000000000105487      0x344 Middlewares/Third_Party/FreeRTOS/Source/portable/MemMang/heap_4.o
                                       0xb455 (size before relaxing)

.comment        0x0000000000000000       0x53
 .comment       0x0000000000000000       0x53 Core/Src/freertos.o
                                         0x54 (size before relaxing)
 .comment       0x0000000000000053       0x54 Core/Src/main.o
 .comment       0x0000000000000053       0x54 Core/Src/stm32l4xx_hal_msp.o
 .comment       0x0000000000000053       0x54 Core/Src/stm32l4xx_hal_timebase_tim.o
 .comment       0x0000000000000053       0x54 Core/Src/stm32l4xx_it.o
 .comment       0x0000000000000053       0x54 Core/Src/system_stm32l4xx.o
 .comment       0x0000000000000053       0x54 Drivers/STM32L4xx_HAL_Driver/Src/stm32l4xx_hal.o
 .comment       0x0000000000000053       0x54 Drivers/STM32L4xx_HAL_Driver/Src/stm32l4xx_hal_cortex.o
 .comment       0x0000000000000053       0x54 Drivers/STM32L4xx_HAL_Driver/Src/stm32l4xx_hal_dfsdm.o
 .comment       0x0000000000000053       0x54 Drivers/STM32L4xx_HAL_Driver/Src/stm32l4xx_hal_gpio.o
 .comment       0x0000000000000053       0x54 Drivers/STM32L4xx_HAL_Driver/Src/stm32l4xx_hal_i2c.o
 .comment       0x0000000000000053       0x54 Drivers/STM32L4xx_HAL_Driver/Src/stm32l4xx_hal_i2c_ex.o
 .comment       0x0000000000000053       0x54 Drivers/STM32L4xx_HAL_Driver/Src/stm32l4xx_hal_pcd.o
 .comment       0x0000000000000053       0x54 Drivers/STM32L4xx_HAL_Driver/Src/stm32l4xx_hal_pcd_ex.o
 .comment       0x0000000000000053       0x54 Drivers/STM32L4xx_HAL_Driver/Src/stm32l4xx_hal_pwr.o
 .comment       0x0000000000000053       0x54 Drivers/STM32L4xx_HAL_Driver/Src/stm32l4xx_hal_pwr_ex.o
 .comment       0x0000000000000053       0x54 Drivers/STM32L4xx_HAL_Driver/Src/stm32l4xx_hal_qspi.o
 .comment       0x0000000000000053       0x54 Drivers/STM32L4xx_HAL_Driver/Src/stm32l4xx_hal_rcc.o
 .comment       0x0000000000000053       0x54 Drivers/STM32L4xx_HAL_Driver/Src/stm32l4xx_hal_rcc_ex.o
 .comment       0x0000000000000053       0x54 Drivers/STM32L4xx_HAL_Driver/Src/stm32l4xx_hal_spi.o
 .comment       0x0000000000000053       0x54 Drivers/STM32L4xx_HAL_Driver/Src/stm32l4xx_hal_tim.o
 .comment       0x0000000000000053       0x54 Drivers/STM32L4xx_HAL_Driver/Src/stm32l4xx_hal_tim_ex.o
 .comment       0x0000000000000053       0x54 Drivers/STM32L4xx_HAL_Driver/Src/stm32l4xx_hal_uart.o
 .comment       0x0000000000000053       0x54 Drivers/STM32L4xx_HAL_Driver/Src/stm32l4xx_ll_usb.o
 .comment       0x0000000000000053       0x54 Middlewares/Third_Party/FreeRTOS/Source/CMSIS_RTOS/cmsis_os.o
 .comment       0x0000000000000053       0x54 Middlewares/Third_Party/FreeRTOS/Source/list.o
 .comment       0x0000000000000053       0x54 Middlewares/Third_Party/FreeRTOS/Source/tasks.o
 .comment       0x0000000000000053       0x54 Middlewares/Third_Party/FreeRTOS/Source/portable/GCC/ARM_CM4F/port.o
 .comment       0x0000000000000053       0x54 Middlewares/Third_Party/FreeRTOS/Source/portable/MemMang/heap_4.o

.debug_frame    0x0000000000000000     0x8778
 .debug_frame   0x0000000000000000       0x38 Core/Src/freertos.o
 .debug_frame   0x0000000000000038      0x1c4 Core/Src/main.o
 .debug_frame   0x00000000000001fc      0x1e4 Core/Src/stm32l4xx_hal_msp.o
 .debug_frame   0x00000000000003e0       0x74 Core/Src/stm32l4xx_hal_timebase_tim.o
 .debug_frame   0x0000000000000454       0xfc Core/Src/stm32l4xx_it.o
 .debug_frame   0x0000000000000550       0x58 Core/Src/system_stm32l4xx.o
 .debug_frame   0x00000000000005a8      0x498 Drivers/STM32L4xx_HAL_Driver/Src/stm32l4xx_hal.o
 .debug_frame   0x0000000000000a40      0x498 Drivers/STM32L4xx_HAL_Driver/Src/stm32l4xx_hal_cortex.o
 .debug_frame   0x0000000000000ed8      0xa78 Drivers/STM32L4xx_HAL_Driver/Src/stm32l4xx_hal_dfsdm.o
 .debug_frame   0x0000000000001950      0x14c Drivers/STM32L4xx_HAL_Driver/Src/stm32l4xx_hal_gpio.o
 .debug_frame   0x0000000000001a9c      0xbe8 Drivers/STM32L4xx_HAL_Driver/Src/stm32l4xx_hal_i2c.o
 .debug_frame   0x0000000000002684      0x100 Drivers/STM32L4xx_HAL_Driver/Src/stm32l4xx_hal_i2c_ex.o
 .debug_frame   0x0000000000002784      0x544 Drivers/STM32L4xx_HAL_Driver/Src/stm32l4xx_hal_pcd.o
 .debug_frame   0x0000000000002cc8      0x174 Drivers/STM32L4xx_HAL_Driver/Src/stm32l4xx_hal_pcd_ex.o
 .debug_frame   0x0000000000002e3c      0x230 Drivers/STM32L4xx_HAL_Driver/Src/stm32l4xx_hal_pwr.o
 .debug_frame   0x000000000000306c      0x544 Drivers/STM32L4xx_HAL_Driver/Src/stm32l4xx_hal_pwr_ex.o
 .debug_frame   0x00000000000035b0      0x658 Drivers/STM32L4xx_HAL_Driver/Src/stm32l4xx_hal_qspi.o
 .debug_frame   0x0000000000003c08      0x1f4 Drivers/STM32L4xx_HAL_Driver/Src/stm32l4xx_hal_rcc.o
 .debug_frame   0x0000000000003dfc      0x2fc Drivers/STM32L4xx_HAL_Driver/Src/stm32l4xx_hal_rcc_ex.o
 .debug_frame   0x00000000000040f8      0x860 Drivers/STM32L4xx_HAL_Driver/Src/stm32l4xx_hal_spi.o
 .debug_frame   0x0000000000004958     0x121c Drivers/STM32L4xx_HAL_Driver/Src/stm32l4xx_hal_tim.o
 .debug_frame   0x0000000000005b74      0x6b0 Drivers/STM32L4xx_HAL_Driver/Src/stm32l4xx_hal_tim_ex.o
 .debug_frame   0x0000000000006224      0x9e4 Drivers/STM32L4xx_HAL_Driver/Src/stm32l4xx_hal_uart.o
 .debug_frame   0x0000000000006c08      0x790 Drivers/STM32L4xx_HAL_Driver/Src/stm32l4xx_ll_usb.o
 .debug_frame   0x0000000000007398      0x80c Middlewares/Third_Party/FreeRTOS/Source/CMSIS_RTOS/cmsis_os.o
 .debug_frame   0x0000000000007ba4       0xd8 Middlewares/Third_Party/FreeRTOS/Source/list.o
 .debug_frame   0x0000000000007c7c      0x77c Middlewares/Third_Party/FreeRTOS/Source/tasks.o
 .debug_frame   0x00000000000083f8      0x1a8 Middlewares/Third_Party/FreeRTOS/Source/portable/GCC/ARM_CM4F/port.o
 .debug_frame   0x00000000000085a0      0x12c Middlewares/Third_Party/FreeRTOS/Source/portable/MemMang/heap_4.o