main.c:89:5:main	72	static
main.c:172:6:SystemClock_Config	232	static
main.c:249:13:MX_DFSDM1_Init	8	static
main.c:287:13:MX_I2C2_Init	8	static
main.c:333:13:MX_QUADSPI_Init	8	static
main.c:366:13:MX_SPI3_Init	8	static
main.c:406:13:MX_USART1_UART_Init	8	static
main.c:441:13:MX_USART3_UART_Init	8	static
main.c:476:13:MX_USB_OTG_FS_PCD_Init	8	static
main.c:511:13:MX_GPIO_Init	48	static
main.c:704:6:StartDefaultTask	16	static
main.c:722:6:StartTask02	16	static
main.c:742:6:HAL_TIM_PeriodElapsedCallback	16	static
main.c:759:6:Error_Handler	4	static,ignoring_inline_asm
